[ -151391ms] [LOG] [32m[GET][0m https://cloud.siliconflow.cn/cache-server/api/v1/lists/whitelist-fine-tune-task-subjects/items?k=da85dkdsssvc739fe9j0 [32m200 [0m @ https://static01.siliconflow.cn/cloud-20260826-113539/_next/static/chunks/5661-0936f204d759839d.js:0
[ -151375ms] [LOG] [34m[POST][0m https://cloud.siliconflow.cn/iam-server/api/v1/my/authz/allowed_actions [32m200 [0m @ https://static01.siliconflow.cn/cloud-20260826-113539/_next/static/chunks/5661-0936f204d759839d.js:0
[ -151085ms] [LOG] [32m[GET][0m https://cloud.siliconflow.cn/walletd-server/api/v1/subject/profile/peek [32m200 [0m @ https://static01.siliconflow.cn/cloud-20260826-113539/_next/static/chunks/5661-0936f204d759839d.js:0
[ -150892ms] [LOG] [32m[GET][0m https://cloud.siliconflow.cn/iam-server/api/v1/subject/info/peek?attrs=s%3Ainfo%3AinvitationCode&attrs=s%3Atier%3Acomputed [32m200 [0m @ https://static01.siliconflow.cn/cloud-20260826-113539/_next/static/chunks/5661-0936f204d759839d.js:0
[ -136493ms] [LOG] [34m[POST][0m https://cloud.siliconflow.cn/iam-server/api/v1/my/authz/allowed_actions [32m200 [0m @ https://static01.siliconflow.cn/cloud-20260826-113539/_next/static/chunks/5661-0936f204d759839d.js:0
[ -136228ms] [LOG] [32m[GET][0m https://cloud.siliconflow.cn/walletd-server/api/v1/subject/profile/peek [32m200 [0m @ https://static01.siliconflow.cn/cloud-20260826-113539/_next/static/chunks/5661-0936f204d759839d.js:0
[ -128064ms] [LOG] [32m[GET][0m https://cloud.siliconflow.cn/walletd-server/api/v1/subject/profile/peek [32m200 [0m @ https://static01.siliconflow.cn/cloud-20260826-113539/_next/static/chunks/5661-0936f204d759839d.js:0
[ -127499ms] [LOG] [32m[GET][0m https://cloud.siliconflow.cn/walletd-server/api/v1/subject/wallets?pageSize=1&stage=3&visible=1&serviceable=1 [32m200 [0m @ https://static01.siliconflow.cn/cloud-20260826-113539/_next/static/chunks/5661-0936f204d759839d.js:0
[ -127499ms] [LOG] [32m[GET][0m https://cloud.siliconflow.cn/biz-server/api/v1/pay/topup-info?platform=zfb [32m200 [0m @ https://static01.siliconflow.cn/cloud-20260826-113539/_next/static/chunks/5661-0936f204d759839d.js:0
[ -127492ms] [LOG] [32m[GET][0m https://cloud.siliconflow.cn/walletd-server/api/v1/subject/wallets?pageSize=1&stage=1&visible=1&serviceable=1 [32m200 [0m @ https://static01.siliconflow.cn/cloud-20260826-113539/_next/static/chunks/5661-0936f204d759839d.js:0
[ -127490ms] [LOG] [34m[POST][0m https://cloud.siliconflow.cn/biz-server/api/v1/pay/orders [32m200 [0m @ https://static01.siliconflow.cn/cloud-20260826-113539/_next/static/chunks/5661-0936f204d759839d.js:0
[ -127484ms] [LOG] [32m[GET][0m https://cloud.siliconflow.cn/walletd-server/api/v1/subject/profile/peek [32m200 [0m @ https://static01.siliconflow.cn/cloud-20260826-113539/_next/static/chunks/5661-0936f204d759839d.js:0
[ -121860ms] [LOG] [32m[GET][0m https://cloud.siliconflow.cn/walletd-server/api/v1/subject/profile/peek [32m200 [0m @ https://static01.siliconflow.cn/cloud-20260826-113539/_next/static/chunks/5661-0936f204d759839d.js:0
[ -121846ms] [LOG] [32m[GET][0m https://cloud.siliconflow.cn/panel-server/api/v1/bill/4/tags?endTime=1787846399999&startTime=1787760000000 [32m200 [0m @ https://static01.siliconflow.cn/cloud-20260826-113539/_next/static/chunks/5661-0936f204d759839d.js:0
[ -121840ms] [LOG] [32m[GET][0m https://cloud.siliconflow.cn/panel-server/api/v1/bill/10/tags?endTime=1787846399999&startTime=1787760000000 [32m200 [0m @ https://static01.siliconflow.cn/cloud-20260826-113539/_next/static/chunks/5661-0936f204d759839d.js:0
[ -121840ms] [LOG] [32m[GET][0m https://cloud.siliconflow.cn/panel-server/api/v1/bill/510/tags?endTime=1787846399999&startTime=1787760000000 [32m200 [0m @ https://static01.siliconflow.cn/cloud-20260826-113539/_next/static/chunks/5661-0936f204d759839d.js:0
[ -121832ms] [LOG] [32m[GET][0m https://cloud.siliconflow.cn/panel-server/api/v1/bill/aggregate_amount?endTime=1787846399999&startTime=1787760000000 [32m200 [0m @ https://static01.siliconflow.cn/cloud-20260826-113539/_next/static/chunks/5661-0936f204d759839d.js:0
[ -121820ms] [LOG] [34m[POST][0m https://cloud.siliconflow.cn/iam-server/api/v1/my/authz/allowed_actions [32m200 [0m @ https://static01.siliconflow.cn/cloud-20260826-113539/_next/static/chunks/5661-0936f204d759839d.js:0
[ -121801ms] [LOG] [32m[GET][0m https://cloud.siliconflow.cn/panel-server/api/v1/bill/items/allocation_aggregate?aggregateByApiKey=true&aggregateByModelName=true&aggregateByUnit=true&current=1&endTime=1787846399999&pageSize=10&startTime=1787760000000&type=3 [32m200 [0m @ https://static01.siliconflow.cn/cloud-20260826-113539/_next/static/chunks/5661-0936f204d759839d.js:0
[ -117699ms] [LOG] [32m[GET][0m https://cloud.siliconflow.cn/walletd-server/api/v1/subject/profile/peek [32m200 [0m @ https://static01.siliconflow.cn/cloud-20260826-113539/_next/static/chunks/5661-0936f204d759839d.js:0
[ -117606ms] [LOG] [32m[GET][0m https://cloud.siliconflow.cn/admin-server/api/model/settings [32m200 [0m @ https://static01.siliconflow.cn/cloud-20260826-113539/_next/static/chunks/5661-0936f204d759839d.js:0
[ -106482ms] [LOG] search value free @ https://static01.siliconflow.cn/cloud-20260826-113539/_next/static/chunks/79009-e9e9ec1b8f8fac83.js:0
[  -98857ms] [LOG] search value  @ https://static01.siliconflow.cn/cloud-20260826-113539/_next/static/chunks/79009-e9e9ec1b8f8fac83.js:0
[  -28598ms] [LOG] [32m[GET][0m https://cloud.siliconflow.cn/panel-server/api/v1/bill/4/tags?endTime=1787846399999&startTime=1787760000000 [32m200 [0m @ https://static01.siliconflow.cn/cloud-20260826-113539/_next/static/chunks/5661-0936f204d759839d.js:0
[  -28589ms] [LOG] [32m[GET][0m https://cloud.siliconflow.cn/walletd-server/api/v1/subject/profile/peek [32m200 [0m @ https://static01.siliconflow.cn/cloud-20260826-113539/_next/static/chunks/5661-0936f204d759839d.js:0
[  -28578ms] [LOG] [32m[GET][0m https://cloud.siliconflow.cn/panel-server/api/v1/bill/aggregate_amount?endTime=1787846399999&startTime=1787760000000 [32m200 [0m @ https://static01.siliconflow.cn/cloud-20260826-113539/_next/static/chunks/5661-0936f204d759839d.js:0
[  -28569ms] [LOG] [32m[GET][0m https://cloud.siliconflow.cn/panel-server/api/v1/bill/10/tags?endTime=1787846399999&startTime=1787760000000 [32m200 [0m @ https://static01.siliconflow.cn/cloud-20260826-113539/_next/static/chunks/5661-0936f204d759839d.js:0
[  -28568ms] [LOG] [32m[GET][0m https://cloud.siliconflow.cn/panel-server/api/v1/bill/510/tags?endTime=1787846399999&startTime=1787760000000 [32m200 [0m @ https://static01.siliconflow.cn/cloud-20260826-113539/_next/static/chunks/5661-0936f204d759839d.js:0
[  -28050ms] [LOG] [32m[GET][0m https://cloud.siliconflow.cn/panel-server/api/v1/bill/items/allocation_aggregate?aggregateByApiKey=true&aggregateByModelName=true&aggregateByUnit=true&current=1&endTime=1787846399999&pageSize=10&startTime=1787760000000&type=3 [32m200 [0m @ https://static01.siliconflow.cn/cloud-20260826-113539/_next/static/chunks/5661-0936f204d759839d.js:0
[  -19868ms] [LOG] [32m[GET][0m https://cloud.siliconflow.cn/walletd-server/api/v1/subject/profile/peek [32m200 [0m @ https://static01.siliconflow.cn/cloud-20260826-113539/_next/static/chunks/5661-0936f204d759839d.js:0
[  -17677ms] [LOG] [32m[GET][0m https://cloud.siliconflow.cn/walletd-server/api/v1/subject/profile/peek [32m200 [0m @ https://static01.siliconflow.cn/cloud-20260826-113539/_next/static/chunks/5661-0936f204d759839d.js:0
[  -16527ms] [LOG] [32m[GET][0m https://cloud.siliconflow.cn/walletd-server/api/v1/subject/profile/peek [32m200 [0m @ https://static01.siliconflow.cn/cloud-20260826-113539/_next/static/chunks/5661-0936f204d759839d.js:0
[  -15643ms] [LOG] [32m[GET][0m https://cloud.siliconflow.cn/walletd-server/api/v1/subject/profile/peek [32m200 [0m @ https://static01.siliconflow.cn/cloud-20260826-113539/_next/static/chunks/5661-0936f204d759839d.js:0
[   -4821ms] [LOG] [32m[GET][0m https://cloud.siliconflow.cn/walletd-server/api/v1/subject/profile/peek [32m200 [0m @ https://static01.siliconflow.cn/cloud-20260826-113539/_next/static/chunks/5661-0936f204d759839d.js:0
[   -4549ms] [LOG] [32m[GET][0m https://cloud.siliconflow.cn/admin-server/api/model/settings [32m200 [0m @ https://static01.siliconflow.cn/cloud-20260826-113539/_next/static/chunks/5661-0936f204d759839d.js:0
[   -2916ms] [LOG] [32m[GET][0m https://cloud.siliconflow.cn/biz-server/api/v1/playground/17885303196/rate_msg [32m200 [0m @ https://static01.siliconflow.cn/cloud-20260826-113539/_next/static/chunks/5661-0936f204d759839d.js:0
[   -2619ms] [LOG] [32m[GET][0m https://cloud.siliconflow.cn/biz-server/api/v1/playground/17885303196/biz_info [32m200 [0m @ https://static01.siliconflow.cn/cloud-20260826-113539/_next/static/chunks/5661-0936f204d759839d.js:0
[   55636ms] [ERROR] Failed to load resource: net::ERR_CONNECTION_TIMED_OUT @ https://static01.siliconflow.cn/oss-images/img/no-gpus.svg:0
[   64062ms] [ERROR] Failed to load resource: net::ERR_CONNECTION_TIMED_OUT @ https://static01.siliconflow.cn/cloud-20260826-113539/_next/static/chunks/41922-70209e27f72d4e72.js:0
[   64354ms] [ERROR] Failed to load resource: net::ERR_CONNECTION_TIMED_OUT @ https://static01.siliconflow.cn/cloud-20260826-113539/_next/static/chunks/app/%5BsubjectId%5D/invoice/page-2f8d44f988f1f1c2.js:0
[   64400ms] [ERROR] Failed to load resource: net::ERR_CONNECTION_TIMED_OUT @ https://static01.siliconflow.cn/cloud-20260826-113539/_next/static/chunks/app/%5BsubjectId%5D/campaigns/inviter/page-5aaa88b59983478e.js:0
[   64401ms] [ERROR] Failed to fetch RSC payload for https://cloud.siliconflow.cn/me/campaigns/inviter. Falling back to browser navigation. ChunkLoadError: Loading chunk 6412 failed.
(error: https://static01.siliconflow.cn/cloud-20260826-113539/_next/static/chunks/app/%5BsubjectId%5D/campaigns/inviter/page-5aaa88b59983478e.js)
    at p.f.j (https://static01.siliconflow.cn/cloud-20260826-113539/_next/static/chunks/webpack-c1bb5969763767c3.js:1:30990)
    at https://static01.siliconflow.cn/cloud-20260826-113539/_next/static/chunks/webpack-c1bb5969763767c3.js:1:1433
    at Array.reduce (<anonymous>)
    at p.e (https://static01.siliconflow.cn/cloud-20260826-113539/_next/static/chunks/webpack-c1bb5969763767c3.js:1:1399)
    at https://static01.siliconflow.cn/cloud-20260826-113539/_next/static/chunks/28133-c2b584ac5ae7fde3.js:2:18941
    at https://static01.siliconflow.cn/cloud-20260826-113539/_next/static/chunks/28133-c2b584ac5ae7fde3.js:2:19143
    at t (https://static01.siliconflow.cn/cloud-20260826-113539/_next/static/chunks/28133-c2b584ac5ae7fde3.js:2:19346) @ https://static01.siliconflow.cn/cloud-20260826-113539/_next/static/chunks/28133-c2b584ac5ae7fde3.js:0
[   66770ms] [ERROR] Failed to load resource: net::ERR_CONNECTION_TIMED_OUT @ https://static01.siliconflow.cn/cloud-20260826-113539/_next/static/chunks/app/%5BsubjectId%5D/campaigns/real-name/page-8a9f3872615e6d13.js:0
[   66771ms] [ERROR] Failed to fetch RSC payload for https://cloud.siliconflow.cn/me/campaigns/real-name. Falling back to browser navigation. ChunkLoadError: Loading chunk 68696 failed.
(error: https://static01.siliconflow.cn/cloud-20260826-113539/_next/static/chunks/app/%5BsubjectId%5D/campaigns/real-name/page-8a9f3872615e6d13.js)
    at p.f.j (https://static01.siliconflow.cn/cloud-20260826-113539/_next/static/chunks/webpack-c1bb5969763767c3.js:1:30990)
    at https://static01.siliconflow.cn/cloud-20260826-113539/_next/static/chunks/webpack-c1bb5969763767c3.js:1:1433
    at Array.reduce (<anonymous>)
    at p.e (https://static01.siliconflow.cn/cloud-20260826-113539/_next/static/chunks/webpack-c1bb5969763767c3.js:1:1399)
    at https://static01.siliconflow.cn/cloud-20260826-113539/_next/static/chunks/28133-c2b584ac5ae7fde3.js:2:18941
    at https://static01.siliconflow.cn/cloud-20260826-113539/_next/static/chunks/28133-c2b584ac5ae7fde3.js:2:19143
    at t (https://static01.siliconflow.cn/cloud-20260826-113539/_next/static/chunks/28133-c2b584ac5ae7fde3.js:2:19346) @ https://static01.siliconflow.cn/cloud-20260826-113539/_next/static/chunks/28133-c2b584ac5ae7fde3.js:0
[   67898ms] [ERROR] Failed to load resource: net::ERR_CONNECTION_TIMED_OUT @ https://static01.siliconflow.cn/cloud-20260826-113539/_next/static/chunks/app/%5BsubjectId%5D/invitation/page-5ace8652d3f90761.js:0
