[     195ms] [LOG] function(e){return h.a.createElement("div",{className:b()(m.a["layout-container"],e.className),style:e.style},e.children)} css 优先级 @ https://xmcdn.oss-cn-shanghai.aliyuncs.com/program-exam-web/2.0.0/prod/index.70b2a5c1eb15067269f5.js:22978
[     199ms] [LOG] urlParams {attendNo: 5125196232534261873, practiceMatchPaperId: 116} @ https://xmcdn.oss-cn-shanghai.aliyuncs.com/program-exam-web/2.0.0/prod/index.70b2a5c1eb15067269f5.js:207926
[     217ms] [LOG] forage driver:  asyncStorage @ https://xmcdn.oss-cn-shanghai.aliyuncs.com/program-exam-web/2.0.0/prod/index.70b2a5c1eb15067269f5.js:264315
[   54604ms] [LOG] function(e){return h.a.createElement("div",{className:b()(m.a["layout-container"],e.className),style:e.style},e.children)} css 优先级 @ https://xmcdn.oss-cn-shanghai.aliyuncs.com/program-exam-web/2.0.0/prod/index.70b2a5c1eb15067269f5.js:22978
[   54609ms] [LOG] urlParams {attendNo: 5125196232534261873, practiceMatchPaperId: 116} @ https://xmcdn.oss-cn-shanghai.aliyuncs.com/program-exam-web/2.0.0/prod/index.70b2a5c1eb15067269f5.js:207926
[   54618ms] [LOG] forage driver:  asyncStorage @ https://xmcdn.oss-cn-shanghai.aliyuncs.com/program-exam-web/2.0.0/prod/index.70b2a5c1eb15067269f5.js:264315
[ 3519133ms] [LOG] {"code":"aW1wb3J0IGNzdgp3aXRoIG9wZW4oIi9kYXRhL3Nwb3J0XzI0MDYyMi5jc3YiKSBhcyBmOgogICAgICAgcm93cyA9IGxpc3QoICAgIOKRoCAgICApCiAgICAgICBzPTAKIGM9MAogICAgICAgcGo9MAogICAgICAgZm9yIHJvdyBpbiByb3dzWzI6XToKICAgICAgICAgICAgICBpZiggICAg4pGhICAgICk6CiAgICAgICAgICAgICAgICAgICAgIHM9cysgICAg4pGiICAgIAogICAgICAgICAgICAgICAgICAgICAgICAg4pGjICAgIAogICAgICAgICAgICAgIHBqPXMvYwpwcmludCggICAg4pGkICAgICkKCg==","input":"","language":4,"source":2,"judgeFileName":""} @ https://xmcdn.oss-cn-shanghai.aliyuncs.com/program-exam-web/2.0.0/prod/index.70b2a5c1eb15067269f5.js:22978
[ 4007936ms] [LOG] {"code":"aW1wb3J0IGNzdgp3aXRoIG9wZW4oIi9kYXRhL3Nwb3J0XzI0MDYyMi5jc3YiKSBhcyBmOgogICAgcm93cyA9IGxpc3QoZi5yZWFkbGluZXMoKSkKICAgIHM9MAogICAgYz0wCiAgICBwaj0wCiAgICBmb3Igcm93IGluIHJvd3NbMjpdOgogICAgICAgIGlmKGludChyb3dbMV0pID49IDQwICk6CiAgICAgICAgICAgIHM9cytpbnQocm93WzJdKSAgICAgICAgCiAgICAgICAgICAgIGMrPTEgIAogICAgICAgICAgICBwaj1zL2MKcHJpbnQoZiflubTpvoTlnKg0MOWygeS7peS4iijlkKs0MOWygSnkurrnvqTnmoTlubPlnYfov5Dliqjml7bplb86e3BqOi4yZn0nKQoK","input":"","language":4,"source":2,"judgeFileName":""} @ https://xmcdn.oss-cn-shanghai.aliyuncs.com/program-exam-web/2.0.0/prod/index.70b2a5c1eb15067269f5.js:22978
[ 4306213ms] [LOG] {"code":"aW1wb3J0IGNzdgp3aXRoIG9wZW4oIi9kYXRhL3Nwb3J0XzI0MDYyMi5jc3YiKSBhcyBmOgogICAgcm93cyA9IGxpc3QoY3N2LnJlYWRlcihmKSkKICAgIHM9MAogICAgYz0wCiAgICBwaj0wCiAgICBmb3Igcm93IGluIHJvd3NbMjpdOgogICAgICAgIGlmKGludChyb3dbMV0pID49IDQwICk6CiAgICAgICAgICAgIHM9cytpbnQocm93WzJdKSAgICAgICAgCiAgICAgICAgICAgIGMrPTEgIAogICAgICAgICAgICBwaj1zL2MKcHJpbnQoZiflubTpvoTlnKg0MOWygeS7peS4iijlkKs0MOWygSnkurrnvqTnmoTlubPlnYfov5Dliqjml7bplb86e3BqOi4yZn0nKQoK","input":"","language":4,"source":2,"judgeFileName":""} @ https://xmcdn.oss-cn-shanghai.aliyuncs.com/program-exam-web/2.0.0/prod/index.70b2a5c1eb15067269f5.js:22978
[ 4310588ms] [LOG] {"code":"aW1wb3J0IGNzdgp3aXRoIG9wZW4oIi9kYXRhL3Nwb3J0XzI0MDYyMi5jc3YiKSBhcyBmOgogICAgcm93cyA9IGxpc3QoY3N2LnJlYWRlcihmKSkKICAgIHM9MAogICAgYz0wCiAgICBwaj0wCiAgICBmb3Igcm93IGluIHJvd3NbMjpdOgogICAgICAgIGlmKGludChyb3dbMV0pID49IDQwICk6CiAgICAgICAgICAgIHM9cytpbnQocm93WzJdKSAgICAgICAgCiAgICAgICAgICAgIGMrPTEgIAogICAgICAgICAgICBwaj1zL2MKcHJpbnQoZiflubTpvoTlnKg0MOWygeS7peS4iijlkKs0MOWygSnkurrnvqTnmoTlubPlnYfov5Dliqjml7bplb86e3BqOi4yZn0nKQoK","input":"","language":4,"source":2,"judgeFileName":""} @ https://xmcdn.oss-cn-shanghai.aliyuncs.com/program-exam-web/2.0.0/prod/index.70b2a5c1eb15067269f5.js:22978
[ 4492422ms] [LOG] import csv
with open("/data/sport_240622.csv") as f:
    rows = list(csv.reader(f))
    s=0
    c=0
    pj=0
    for row in rows[2:]:
        if(int(row[1]) >= 40 ):
            s=s+int(row[2])        
            c+=1  
            pj=s/c
print(f'年龄在40岁以上(含40岁)人群的平均运动时长:{pj:.2f}')

 @ https://xmcdn.oss-cn-shanghai.aliyuncs.com/program-exam-web/2.0.0/prod/index.70b2a5c1eb15067269f5.js:22978
[ 4616489ms] [COUNT] %c%d: 1 @ https://g.alicdn.com/captcha-frontend/FeiLin/1.5.1/feilin138.ebefa882b106520bbe97eafcdfb1e13e123eb8fec0b3dc8fb16584715671ee2f.js:0
[ 4616489ms] [DIR] %c%d font-size:0;color:transparent Error @ https://g.alicdn.com/captcha-frontend/FeiLin/1.5.1/feilin138.ebefa882b106520bbe97eafcdfb1e13e123eb8fec0b3dc8fb16584715671ee2f.js:0
[ 4616489ms] [DIRXML] %c%d font-size:0;color:transparent Error @ https://g.alicdn.com/captcha-frontend/FeiLin/1.5.1/feilin138.ebefa882b106520bbe97eafcdfb1e13e123eb8fec0b3dc8fb16584715671ee2f.js:0
[ 4616489ms] [INFO] %c%d font-size:0;color:transparent NaN @ https://xmcdn.oss-cn-shanghai.aliyuncs.com/cpp_community/1.0.1/prod/_next/static/chunks/pages/_app-77a315666333c63d.js:0
[ 4616489ms] [INFO] %c%d font-size:0;color:transparent NaN @ https://xmcdn.oss-cn-shanghai.aliyuncs.com/cpp_community/1.0.1/prod/_next/static/chunks/pages/_app-77a315666333c63d.js:0
[ 4616489ms] [LOG] %c%d font-size:0;color:transparent NaN @ https://xmcdn.oss-cn-shanghai.aliyuncs.com/cpp_community/1.0.1/prod/_next/static/chunks/pages/_app-77a315666333c63d.js:0
[ 4616489ms] [TABLE] %c%d font-size:0;color:transparent Error @ https://g.alicdn.com/captcha-frontend/FeiLin/1.5.1/feilin138.ebefa882b106520bbe97eafcdfb1e13e123eb8fec0b3dc8fb16584715671ee2f.js:0
[ 4616489ms] [INFO] %c%d font-size:0;color:transparent NaN @ https://xmcdn.oss-cn-shanghai.aliyuncs.com/cpp_community/1.0.1/prod/_next/static/chunks/pages/_app-77a315666333c63d.js:0
[ 4617712ms] Object
[ 4700335ms] [ERROR] Failed to load resource: net::ERR_CONNECTION_TIMED_OUT @ https://s9.cnzz.com/z_stat.php?id=1281161008&web_id=1281161008:0
