[     193ms] [VERBOSE] [DOM] Input elements should have autocomplete attributes (suggested: "current-password"): (More info: https://goo.gl/9p2vKq) %o @ https://gcjkstar.cn/home/:0
[     196ms] [WARNING] jQuery.Deferred exception: Morris is not defined ReferenceError: Morris is not defined
    at Object.initFunction (https://gcjkstar.cn/static/js/custom-scripts.js:26:13)
    at HTMLDocument.<anonymous> (https://gcjkstar.cn/static/js/custom-scripts.js:209:17)
    at e (https://gcjkstar.cn/static/js/jquery-3.6.1.min.js:2:30038)
    at t (https://gcjkstar.cn/static/js/jquery-3.6.1.min.js:2:30340) undefined @ https://gcjkstar.cn/static/js/jquery-3.6.1.min.js:1
[     198ms] ReferenceError: Morris is not defined
    at Object.initFunction (https://gcjkstar.cn/static/js/custom-scripts.js:26:13)
    at HTMLDocument.<anonymous> (https://gcjkstar.cn/static/js/custom-scripts.js:209:17)
    at e (https://gcjkstar.cn/static/js/jquery-3.6.1.min.js:2:30038)
    at t (https://gcjkstar.cn/static/js/jquery-3.6.1.min.js:2:30340)
[     381ms] [ERROR] Failed to load resource: the server responded with a status of 404 () @ https://gcjkstar.cn/static/js/output/chtml/fonts/woff-v2/MathJax_Zero.woff:0
[    8803ms] [ERROR] Failed to load resource: the server responded with a status of 404 () @ https://gcjkstar.cn/static/js/output/chtml/fonts/woff-v2/MathJax_Main-Regular.woff:0
[    8803ms] [ERROR] Failed to load resource: the server responded with a status of 404 () @ https://gcjkstar.cn/static/js/output/chtml/fonts/woff-v2/MathJax_Math-Italic.woff:0
[  388572ms] [VERBOSE] [DOM] Input elements should have autocomplete attributes (suggested: "current-password"): (More info: https://goo.gl/9p2vKq) %o @ https://gcjkstar.cn/home/practice/:0
[  388590ms] [WARNING] jQuery.Deferred exception: Morris is not defined ReferenceError: Morris is not defined
    at Object.initFunction (https://gcjkstar.cn/static/js/custom-scripts.js:26:13)
    at HTMLDocument.<anonymous> (https://gcjkstar.cn/static/js/custom-scripts.js:209:17)
    at e (https://gcjkstar.cn/static/js/jquery-3.6.1.min.js:2:30038)
    at t (https://gcjkstar.cn/static/js/jquery-3.6.1.min.js:2:30340) undefined @ https://gcjkstar.cn/static/js/jquery-3.6.1.min.js:1
[  388597ms] ReferenceError: Morris is not defined
    at Object.initFunction (https://gcjkstar.cn/static/js/custom-scripts.js:26:13)
    at HTMLDocument.<anonymous> (https://gcjkstar.cn/static/js/custom-scripts.js:209:17)
    at e (https://gcjkstar.cn/static/js/jquery-3.6.1.min.js:2:30038)
    at t (https://gcjkstar.cn/static/js/jquery-3.6.1.min.js:2:30340)
