[     393ms] [WARNING] No ID or name found in config. @ https://www.gstatic.com/_/mss/boq-makersuite/_/js/k=boq-makersuite.MakerSuite.en_US.uuyXD9bLOdM.2018.O/am=ghTAAQ/d=1/excm=_b/ed=1/dg=0/br=1/wt=2/ujg=1/rs=AMOXD2-Vw-D2THcyLbYqvu81uV6bIQWPFQ/dti=1/m=_b:1511
[     393ms] [WARNING] No ID or name found in config. @ https://www.gstatic.com/_/mss/boq-makersuite/_/js/k=boq-makersuite.MakerSuite.en_US.uuyXD9bLOdM.2018.O/am=ghTAAQ/d=1/excm=_b/ed=1/dg=0/br=1/wt=2/ujg=1/rs=AMOXD2-Vw-D2THcyLbYqvu81uV6bIQWPFQ/dti=1/m=_b:1511
[     394ms] [WARNING] No ID or name found in config. @ https://www.gstatic.com/_/mss/boq-makersuite/_/js/k=boq-makersuite.MakerSuite.en_US.uuyXD9bLOdM.2018.O/am=ghTAAQ/d=1/excm=_b/ed=1/dg=0/br=1/wt=2/ujg=1/rs=AMOXD2-Vw-D2THcyLbYqvu81uV6bIQWPFQ/dti=1/m=_b:1511
[     394ms] [WARNING] No ID or name found in config. @ https://www.gstatic.com/_/mss/boq-makersuite/_/js/k=boq-makersuite.MakerSuite.en_US.uuyXD9bLOdM.2018.O/am=ghTAAQ/d=1/excm=_b/ed=1/dg=0/br=1/wt=2/ujg=1/rs=AMOXD2-Vw-D2THcyLbYqvu81uV6bIQWPFQ/dti=1/m=_b:1511
[     394ms] [WARNING] No ID or name found in config. @ https://www.gstatic.com/_/mss/boq-makersuite/_/js/k=boq-makersuite.MakerSuite.en_US.uuyXD9bLOdM.2018.O/am=ghTAAQ/d=1/excm=_b/ed=1/dg=0/br=1/wt=2/ujg=1/rs=AMOXD2-Vw-D2THcyLbYqvu81uV6bIQWPFQ/dti=1/m=_b:1511
[     395ms] [WARNING] No ID or name found in config. @ https://www.gstatic.com/_/mss/boq-makersuite/_/js/k=boq-makersuite.MakerSuite.en_US.uuyXD9bLOdM.2018.O/am=ghTAAQ/d=1/excm=_b/ed=1/dg=0/br=1/wt=2/ujg=1/rs=AMOXD2-Vw-D2THcyLbYqvu81uV6bIQWPFQ/dti=1/m=_b:1511
[     400ms] [WARNING] No ID or name found in config. @ https://www.gstatic.com/_/mss/boq-makersuite/_/js/k=boq-makersuite.MakerSuite.en_US.uuyXD9bLOdM.2018.O/am=ghTAAQ/d=1/excm=_b/ed=1/dg=0/br=1/wt=2/ujg=1/rs=AMOXD2-Vw-D2THcyLbYqvu81uV6bIQWPFQ/dti=1/m=_b:1511
[     683ms] [INFO] Loading the script 'https://www.google.com/js/bg/CqL4sUT2hYJmexNNWKZycIzNxPG3tWRE0U724XItBCI.js' violates the following Content Security Policy directive: "script-src 'unsafe-inline' 'unsafe-eval' blob: data: https://accounts.google.com/gsi/client https://apis.google.com/js/api.js https://billing-ads-qa-devel.corp.google.com/payments/v4/js/integrator.js https://payments.google.com/payments/v4/js/integrator.js https://payments.sandbox.google.com/payments/v4/js/integrator.js https://www.googletagmanager.com/gtm.js https://www.gstatic.com/glue/cookienotificationbar/cookienotificationbar.min.js https://www-onepick-opensocial.googleusercontent.com/gadgets/js/rpc.js https://www.googletagmanager.com/gtag/js https://www.google-analytics.com/analytics.js https://www.googletagmanager.com/gtag/destination https://www.google.com/tools/feedback/chat_load.js https://www.google.com/tools/feedback/help_api.js https://www.google.com/tools/feedback/load.js https://www.google.com/tools/feedback/open.js https://www.google.com/tools/feedback/open_to_help_guide_lazy.js https://www.gstatic.com/feedback/js/ https://www.gstatic.com/feedback/js/help/prod/service/lazy.min.js https://www.gstatic.com/inproduct_help/api/main.min.js https://www.gstatic.com/inproduct_help/chatsupport/chatsupport_button_v2.js https://www.gstatic.com/inproduct_help/service/lazy.min.js https://www.gstatic.com/uservoice/feedback/client/web/live/ https://www.gstatic.com/uservoice/surveys/resources/prod/js/survey/ https://www.gstatic.com/_/mss/boq-makersuite/_/js/k=boq-makersuite.MakerSuite.en_US.uuyXD9bLOdM.2018.O/ https://apis.google.com/_/scs/abc-static/_/js/ https://payments.google.com/payments/u/0/v4/js/integrator.js https://payments.youtube.com/payments/v4/js/integrator.js https://payments.youtube.com/payments/u/0/v4/js/integrator.js https://payments.cloud.google/payments/v4/js/integrator.js". Note that 'script-src-elem' was not explicitly set, so 'script-src' is used as a fallback. The policy is report-only, so the violation has been logged but no further action has been taken. @ https://www.gstatic.com/_/mss/boq-makersuite/_/js/k=boq-makersuite.MakerSuite.en_US.uuyXD9bLOdM.2018.O/am=ghTAAQ/d=1/excm=_b/ed=1/dg=0/br=1/wt=2/ujg=1/rs=AMOXD2-Vw-D2THcyLbYqvu81uV6bIQWPFQ/dti=1/m=_b:498
[     868ms] [ERROR] Failed to load resource: the server responded with a status of 403 () @ https://alkalimakersuite-pa.clients6.google.com/$rpc/google.internal.alkali.applications.makersuite.v1.MakerSuiteService/GetAiStudioBenefitTier:0
[     868ms] [ERROR] Failed to load resource: the server responded with a status of 403 () @ https://alkalimakersuite-pa.clients6.google.com/$rpc/google.internal.alkali.applications.makersuite.v1.MakerSuiteService/GenerateAccessToken:0
[     880ms] [ERROR] Failed to load resource: the server responded with a status of 403 () @ https://alkalimakersuite-pa.clients6.google.com/$rpc/google.internal.alkali.applications.makersuite.v1.MakerSuiteService/GetLoggingContext:0
[     881ms] [ERROR] Failed to load resource: the server responded with a status of 403 () @ https://alkalimakersuite-pa.clients6.google.com/$rpc/google.internal.alkali.applications.makersuite.v1.MakerSuiteService/GetUserPreferences:0
[     881ms] [ERROR] Failed to load user preferences from backend RpcError: Region not supported.
    at _.qv.<anonymous> (https://www.gstatic.com/_/mss/boq-makersuite/_/js/k=boq-makersuite.MakerSuite.en_US.uuyXD9bLOdM.2018.O/am=ghTAAQ/d=1/excm=_b/ed=1/dg=0/br=1/wt=2/ujg=1/rs=AMOXD2-Vw-D2THcyLbYqvu81uV6bIQWPFQ/dti=1/m=_b:1178:348)
    at FSa (https://www.gstatic.com/_/mss/boq-makersuite/_/js/k=boq-makersuite.MakerSuite.en_US.uuyXD9bLOdM.2018.O/am=ghTAAQ/d=1/excm=_b/ed=1/dg=0/br=1/wt=2/ujg=1/rs=AMOXD2-Vw-D2THcyLbYqvu81uV6bIQWPFQ/dti=1/m=_b:1143:222)
    at _.ba.dispatchEvent (https://www.gstatic.com/_/mss/boq-makersuite/_/js/k=boq-makersuite.MakerSuite.en_US.uuyXD9bLOdM.2018.O/am=ghTAAQ/d=1/excm=_b/ed=1/dg=0/br=1/wt=2/ujg=1/rs=AMOXD2-Vw-D2THcyLbYqvu81uV6bIQWPFQ/dti=1/m=_b:1141:384)
    at vTa (https://www.gstatic.com/_/mss/boq-makersuite/_/js/k=boq-makersuite.MakerSuite.en_US.uuyXD9bLOdM.2018.O/am=ghTAAQ/d=1/excm=_b/ed=1/dg=0/br=1/wt=2/ujg=1/rs=AMOXD2-Vw-D2THcyLbYqvu81uV6bIQWPFQ/dti=1/m=_b:1157:425)
    at xTa (https://www.gstatic.com/_/mss/boq-makersuite/_/js/k=boq-makersuite.MakerSuite.en_US.uuyXD9bLOdM.2018.O/am=ghTAAQ/d=1/excm=_b/ed=1/dg=0/br=1/wt=2/ujg=1/rs=AMOXD2-Vw-D2THcyLbYqvu81uV6bIQWPFQ/dti=1/m=_b:1159:314)
    at _.qv.Ba (https://www.gstatic.com/_/mss/boq-makersuite/_/js/k=boq-makersuite.MakerSuite.en_US.uuyXD9bLOdM.2018.O/am=ghTAAQ/d=1/excm=_b/ed=1/dg=0/br=1/wt=2/ujg=1/rs=AMOXD2-Vw-D2THcyLbYqvu81uV6bIQWPFQ/dti=1/m=_b:1158:434)
    at _.qv.c [as Ba] (https://www.gstatic.com/_/mss/boq-makersuite/_/js/k=boq-makersuite.MakerSuite.en_US.uuyXD9bLOdM.2018.O/am=ghTAAQ/d=1/excm=_b/ed=1/dg=0/br=1/wt=2/ujg=1/rs=AMOXD2-Vw-D2THcyLbYqvu81uV6bIQWPFQ/dti=1/m=_b:1228:252)
    at _.qv.Oa (https://www.gstatic.com/_/mss/boq-makersuite/_/js/k=boq-makersuite.MakerSuite.en_US.uuyXD9bLOdM.2018.O/am=ghTAAQ/d=1/excm=_b/ed=1/dg=0/br=1/wt=2/ujg=1/rs=AMOXD2-Vw-D2THcyLbYqvu81uV6bIQWPFQ/dti=1/m=_b:1158:398)
AsyncStack
    at HUa (https://www.gstatic.com/_/mss/boq-makersuite/_/js/k=boq-makersuite.MakerSuite.en_US.uuyXD9bLOdM.2018.O/am=ghTAAQ/d=1/excm=_b/ed=1/dg=0/br=1/wt=2/ujg=1/rs=AMOXD2-Vw-D2THcyLbYqvu81uV6bIQWPFQ/dti=1/m=_b:1177:214)
    at lVa (https://www.gstatic.com/_/mss/boq-makersuite/_/js/k=boq-makersuite.MakerSuite.en_US.uuyXD9bLOdM.2018.O/am=ghTAAQ/d=1/excm=_b/ed=1/dg=0/br=1/wt=2/ujg=1/rs=AMOXD2-Vw-D2THcyLbYqvu81uV6bIQWPFQ/dti=1/m=_b:1211:637)
    at https://www.gstatic.com/_/mss/boq-makersuite/_/js/k=boq-makersuite.MakerSuite.en_US.uuyXD9bLOdM.2018.O/am=ghTAAQ/d=1/excm=_b/ed=1/dg=0/br=1/wt=2/ujg=1/rs=AMOXD2-Vw-D2THcyLbYqvu81uV6bIQWPFQ/dti=1/m=_b:1212:224
    at new Promise (<anonymous>)
    at https://www.gstatic.com/_/mss/boq-makersuite/_/js/k=boq-makersuite.MakerSuite.en_US.uuyXD9bLOdM.2018.O/am=ghTAAQ/d=1/excm=_b/ed=1/dg=0/br=1/wt=2/ujg=1/rs=AMOXD2-Vw-D2THcyLbYqvu81uV6bIQWPFQ/dti=1/m=_b:1212:114
    at https://www.gstatic.com/_/mss/boq-makersuite/_/js/k=boq-makersuite.MakerSuite.en_US.uuyXD9bLOdM.2018.O/am=ghTAAQ/d=1/excm=_b/ed=1/dg=0/br=1/wt=2/ujg=1/rs=AMOXD2-Vw-D2THcyLbYqvu81uV6bIQWPFQ/dti=1/m=_b:2034:552
    at Generator.next (<anonymous>)
    at https://www.gstatic.com/_/mss/boq-makersuite/_/js/k=boq-makersuite.MakerSuite.en_US.uuyXD9bLOdM.2018.O/am=ghTAAQ/d=1/excm=_b/ed=1/dg=0/br=1/wt=2/ujg=1/rs=AMOXD2-Vw-D2THcyLbYqvu81uV6bIQWPFQ/dti=1/m=_b:907:381
    at new Promise (<anonymous>)
    at DKa (https://www.gstatic.com/_/mss/boq-makersuite/_/js/k=boq-makersuite.MakerSuite.en_US.uuyXD9bLOdM.2018.O/am=ghTAAQ/d=1/excm=_b/ed=1/dg=0/br=1/wt=2/ujg=1/rs=AMOXD2-Vw-D2THcyLbYqvu81uV6bIQWPFQ/dti=1/m=_b:907:274) @ https://www.gstatic.com/_/mss/boq-makersuite/_/js/k=boq-makersuite.MakerSuite.en_US.uuyXD9bLOdM.2018.O/am=ghTAAQ/d=1/excm=_b/ed=1/dg=0/br=1/wt=2/ujg=1/rs=AMOXD2-Vw-D2THcyLbYqvu81uV6bIQWPFQ/dti=1/m=_b:1475
[     911ms] [ERROR] Failed to load resource: the server responded with a status of 403 () @ https://alkalimakersuite-pa.clients6.google.com/$rpc/google.internal.alkali.applications.makersuite.v1.MakerSuiteService/GenerateAccessToken:0
[     917ms] [ERROR] Failed to load resource: the server responded with a status of 403 () @ https://alkalimakersuite-pa.clients6.google.com/$rpc/google.internal.alkali.applications.makersuite.v1.MakerSuiteService/ListImportedProjects:0
[     932ms] [WARNING] Unknown Key:  1 @ https://www.gstatic.com/_/mss/boq-makersuite/_/js/k=boq-makersuite.MakerSuite.en_US.uuyXD9bLOdM.2018.O/am=ghTAAQ/d=1/excm=_b/ed=1/dg=0/br=1/wt=2/ujg=1/rs=AMOXD2-Vw-D2THcyLbYqvu81uV6bIQWPFQ/dti=1/m=_b:1495
[     932ms] [WARNING] Unknown Key:  2 @ https://www.gstatic.com/_/mss/boq-makersuite/_/js/k=boq-makersuite.MakerSuite.en_US.uuyXD9bLOdM.2018.O/am=ghTAAQ/d=1/excm=_b/ed=1/dg=0/br=1/wt=2/ujg=1/rs=AMOXD2-Vw-D2THcyLbYqvu81uV6bIQWPFQ/dti=1/m=_b:1495
[     932ms] [WARNING] Unknown Key:  3 @ https://www.gstatic.com/_/mss/boq-makersuite/_/js/k=boq-makersuite.MakerSuite.en_US.uuyXD9bLOdM.2018.O/am=ghTAAQ/d=1/excm=_b/ed=1/dg=0/br=1/wt=2/ujg=1/rs=AMOXD2-Vw-D2THcyLbYqvu81uV6bIQWPFQ/dti=1/m=_b:1495
[     939ms] Uncaught (in promise) RpcError: Region not supported.
    at <anonymous> (https://www.gstatic.com/_/mss/boq-makersuite/_/js/k=boq-makersuite.MakerSuite.en_US.uuyXD9bLOdM.2018.O/am=ghTAAQ/d=1/excm=_b/ed=1/dg=0/br=1/wt=2/ujg=1/rs=AMOXD2-Vw-D2THcyLbYqvu81uV6bIQWPFQ/dti=1/m=_b:1177:347)
    at FSa (https://www.gstatic.com/_/mss/boq-makersuite/_/js/k=boq-makersuite.MakerSuite.en_US.uuyXD9bLOdM.2018.O/am=ghTAAQ/d=1/excm=_b/ed=1/dg=0/br=1/wt=2/ujg=1/rs=AMOXD2-Vw-D2THcyLbYqvu81uV6bIQWPFQ/dti=1/m=_b:1142:221)
    at _.ba.dispatchEvent (https://www.gstatic.com/_/mss/boq-makersuite/_/js/k=boq-makersuite.MakerSuite.en_US.uuyXD9bLOdM.2018.O/am=ghTAAQ/d=1/excm=_b/ed=1/dg=0/br=1/wt=2/ujg=1/rs=AMOXD2-Vw-D2THcyLbYqvu81uV6bIQWPFQ/dti=1/m=_b:1140:383)
    at vTa (https://www.gstatic.com/_/mss/boq-makersuite/_/js/k=boq-makersuite.MakerSuite.en_US.uuyXD9bLOdM.2018.O/am=ghTAAQ/d=1/excm=_b/ed=1/dg=0/br=1/wt=2/ujg=1/rs=AMOXD2-Vw-D2THcyLbYqvu81uV6bIQWPFQ/dti=1/m=_b:1156:424)
    at xTa (https://www.gstatic.com/_/mss/boq-makersuite/_/js/k=boq-makersuite.MakerSuite.en_US.uuyXD9bLOdM.2018.O/am=ghTAAQ/d=1/excm=_b/ed=1/dg=0/br=1/wt=2/ujg=1/rs=AMOXD2-Vw-D2THcyLbYqvu81uV6bIQWPFQ/dti=1/m=_b:1158:313)
    at _.qv.Ba (https://www.gstatic.com/_/mss/boq-makersuite/_/js/k=boq-makersuite.MakerSuite.en_US.uuyXD9bLOdM.2018.O/am=ghTAAQ/d=1/excm=_b/ed=1/dg=0/br=1/wt=2/ujg=1/rs=AMOXD2-Vw-D2THcyLbYqvu81uV6bIQWPFQ/dti=1/m=_b:1157:433)
    at c (https://www.gstatic.com/_/mss/boq-makersuite/_/js/k=boq-makersuite.MakerSuite.en_US.uuyXD9bLOdM.2018.O/am=ghTAAQ/d=1/excm=_b/ed=1/dg=0/br=1/wt=2/ujg=1/rs=AMOXD2-Vw-D2THcyLbYqvu81uV6bIQWPFQ/dti=1/m=_b:1227:251)
    at _.qv.Oa (https://www.gstatic.com/_/mss/boq-makersuite/_/js/k=boq-makersuite.MakerSuite.en_US.uuyXD9bLOdM.2018.O/am=ghTAAQ/d=1/excm=_b/ed=1/dg=0/br=1/wt=2/ujg=1/rs=AMOXD2-Vw-D2THcyLbYqvu81uV6bIQWPFQ/dti=1/m=_b:1157:397)
[     976ms] [ERROR] Failed to load resource: the server responded with a status of 403 () @ https://alkalimakersuite-pa.clients6.google.com/$rpc/google.internal.alkali.applications.makersuite.v1.MakerSuiteService/GetGdpProfileAndBenefits:0
[    1167ms] [ERROR] Failed to load resource: the server responded with a status of 403 () @ https://alkalimakersuite-pa.clients6.google.com/$rpc/google.internal.alkali.applications.makersuite.v1.MakerSuiteService/ListPromos:0
[    1172ms] Uncaught (in promise) RpcError: Region not supported.
    at <anonymous> (https://www.gstatic.com/_/mss/boq-makersuite/_/js/k=boq-makersuite.MakerSuite.en_US.uuyXD9bLOdM.2018.O/am=ghTAAQ/d=1/excm=_b/ed=1/dg=0/br=1/wt=2/ujg=1/rs=AMOXD2-Vw-D2THcyLbYqvu81uV6bIQWPFQ/dti=1/m=_b:1177:347)
    at FSa (https://www.gstatic.com/_/mss/boq-makersuite/_/js/k=boq-makersuite.MakerSuite.en_US.uuyXD9bLOdM.2018.O/am=ghTAAQ/d=1/excm=_b/ed=1/dg=0/br=1/wt=2/ujg=1/rs=AMOXD2-Vw-D2THcyLbYqvu81uV6bIQWPFQ/dti=1/m=_b:1142:221)
    at _.ba.dispatchEvent (https://www.gstatic.com/_/mss/boq-makersuite/_/js/k=boq-makersuite.MakerSuite.en_US.uuyXD9bLOdM.2018.O/am=ghTAAQ/d=1/excm=_b/ed=1/dg=0/br=1/wt=2/ujg=1/rs=AMOXD2-Vw-D2THcyLbYqvu81uV6bIQWPFQ/dti=1/m=_b:1140:383)
    at vTa (https://www.gstatic.com/_/mss/boq-makersuite/_/js/k=boq-makersuite.MakerSuite.en_US.uuyXD9bLOdM.2018.O/am=ghTAAQ/d=1/excm=_b/ed=1/dg=0/br=1/wt=2/ujg=1/rs=AMOXD2-Vw-D2THcyLbYqvu81uV6bIQWPFQ/dti=1/m=_b:1156:424)
    at xTa (https://www.gstatic.com/_/mss/boq-makersuite/_/js/k=boq-makersuite.MakerSuite.en_US.uuyXD9bLOdM.2018.O/am=ghTAAQ/d=1/excm=_b/ed=1/dg=0/br=1/wt=2/ujg=1/rs=AMOXD2-Vw-D2THcyLbYqvu81uV6bIQWPFQ/dti=1/m=_b:1158:313)
    at _.qv.Ba (https://www.gstatic.com/_/mss/boq-makersuite/_/js/k=boq-makersuite.MakerSuite.en_US.uuyXD9bLOdM.2018.O/am=ghTAAQ/d=1/excm=_b/ed=1/dg=0/br=1/wt=2/ujg=1/rs=AMOXD2-Vw-D2THcyLbYqvu81uV6bIQWPFQ/dti=1/m=_b:1157:433)
    at c (https://www.gstatic.com/_/mss/boq-makersuite/_/js/k=boq-makersuite.MakerSuite.en_US.uuyXD9bLOdM.2018.O/am=ghTAAQ/d=1/excm=_b/ed=1/dg=0/br=1/wt=2/ujg=1/rs=AMOXD2-Vw-D2THcyLbYqvu81uV6bIQWPFQ/dti=1/m=_b:1227:251)
    at _.qv.Oa (https://www.gstatic.com/_/mss/boq-makersuite/_/js/k=boq-makersuite.MakerSuite.en_US.uuyXD9bLOdM.2018.O/am=ghTAAQ/d=1/excm=_b/ed=1/dg=0/br=1/wt=2/ujg=1/rs=AMOXD2-Vw-D2THcyLbYqvu81uV6bIQWPFQ/dti=1/m=_b:1157:397)
[    1210ms] [ERROR] Failed to load resource: the server responded with a status of 403 () @ https://alkalimakersuite-pa.clients6.google.com/$rpc/google.internal.alkali.applications.makersuite.v1.MakerSuiteService/ListModels:0
[    1508ms] [WARNING] The powerPreference option is currently ignored when calling requestAdapter() on Windows. See https://crbug.com/369219127 @ :0
[    3445ms] [WARNING] devsite.app.customElement.DevsiteSelect NotSupportedError: Failed to execute 'define' on 'CustomElementRegistry': the name "devsite-select" has already been used with this registry
    at https://www.gstatic.com/devrel-devsite/prod/v1acc34b77907f14029db47214a9900819f8c09315bec13906695eded017dc4b4/googledevai/js/devsite_devsite_select_module__zh_tw.js:1:51
    at https://www.gstatic.com/devrel-devsite/prod/v1acc34b77907f14029db47214a9900819f8c09315bec13906695eded017dc4b4/googledevai/js/devsite_devsite_select_module__zh_tw.js:1:153 @ https://www.gstatic.com/devrel-devsite/prod/v1acc34b77907f14029db47214a9900819f8c09315bec13906695eded017dc4b4/googledevai/js/devsite_devsite_select_module__zh_tw.js:0
