[  -91505ms] [ERROR] Failed to load resource: net::ERR_CONNECTION_TIMED_OUT @ https://static01.siliconflow.cn/oss-images/img/no-gpus.svg:0
[  -83079ms] [ERROR] Failed to load resource: net::ERR_CONNECTION_TIMED_OUT @ https://static01.siliconflow.cn/cloud-20260826-113539/_next/static/chunks/41922-70209e27f72d4e72.js:0
[  -82787ms] [ERROR] Failed to load resource: net::ERR_CONNECTION_TIMED_OUT @ https://static01.siliconflow.cn/cloud-20260826-113539/_next/static/chunks/app/%5BsubjectId%5D/invoice/page-2f8d44f988f1f1c2.js:0
[  -82741ms] [ERROR] Failed to load resource: net::ERR_CONNECTION_TIMED_OUT @ https://static01.siliconflow.cn/cloud-20260826-113539/_next/static/chunks/app/%5BsubjectId%5D/campaigns/inviter/page-5aaa88b59983478e.js:0
[  -80371ms] [ERROR] Failed to load resource: net::ERR_CONNECTION_TIMED_OUT @ https://static01.siliconflow.cn/cloud-20260826-113539/_next/static/chunks/app/%5BsubjectId%5D/campaigns/real-name/page-8a9f3872615e6d13.js:0
[  -79243ms] [ERROR] Failed to load resource: net::ERR_CONNECTION_TIMED_OUT @ https://static01.siliconflow.cn/cloud-20260826-113539/_next/static/chunks/app/%5BsubjectId%5D/invitation/page-5ace8652d3f90761.js:0
[ -298532ms] [LOG] [32m[GET][0m https://cloud.siliconflow.cn/cache-server/api/v1/lists/whitelist-fine-tune-task-subjects/items?k=da85dkdsssvc739fe9j0 [32m200 [0m @ https://static01.siliconflow.cn/cloud-20260826-113539/_next/static/chunks/5661-0936f204d759839d.js:0
[ -298516ms] [LOG] [34m[POST][0m https://cloud.siliconflow.cn/iam-server/api/v1/my/authz/allowed_actions [32m200 [0m @ https://static01.siliconflow.cn/cloud-20260826-113539/_next/static/chunks/5661-0936f204d759839d.js:0
[ -298226ms] [LOG] [32m[GET][0m https://cloud.siliconflow.cn/walletd-server/api/v1/subject/profile/peek [32m200 [0m @ https://static01.siliconflow.cn/cloud-20260826-113539/_next/static/chunks/5661-0936f204d759839d.js:0
[ -298033ms] [LOG] [32m[GET][0m https://cloud.siliconflow.cn/iam-server/api/v1/subject/info/peek?attrs=s%3Ainfo%3AinvitationCode&attrs=s%3Atier%3Acomputed [32m200 [0m @ https://static01.siliconflow.cn/cloud-20260826-113539/_next/static/chunks/5661-0936f204d759839d.js:0
[ -283634ms] [LOG] [34m[POST][0m https://cloud.siliconflow.cn/iam-server/api/v1/my/authz/allowed_actions [32m200 [0m @ https://static01.siliconflow.cn/cloud-20260826-113539/_next/static/chunks/5661-0936f204d759839d.js:0
[ -283369ms] [LOG] [32m[GET][0m https://cloud.siliconflow.cn/walletd-server/api/v1/subject/profile/peek [32m200 [0m @ https://static01.siliconflow.cn/cloud-20260826-113539/_next/static/chunks/5661-0936f204d759839d.js:0
[ -275205ms] [LOG] [32m[GET][0m https://cloud.siliconflow.cn/walletd-server/api/v1/subject/profile/peek [32m200 [0m @ https://static01.siliconflow.cn/cloud-20260826-113539/_next/static/chunks/5661-0936f204d759839d.js:0
[ -274640ms] [LOG] [32m[GET][0m https://cloud.siliconflow.cn/walletd-server/api/v1/subject/wallets?pageSize=1&stage=3&visible=1&serviceable=1 [32m200 [0m @ https://static01.siliconflow.cn/cloud-20260826-113539/_next/static/chunks/5661-0936f204d759839d.js:0
[ -274640ms] [LOG] [32m[GET][0m https://cloud.siliconflow.cn/biz-server/api/v1/pay/topup-info?platform=zfb [32m200 [0m @ https://static01.siliconflow.cn/cloud-20260826-113539/_next/static/chunks/5661-0936f204d759839d.js:0
[ -274633ms] [LOG] [32m[GET][0m https://cloud.siliconflow.cn/walletd-server/api/v1/subject/wallets?pageSize=1&stage=1&visible=1&serviceable=1 [32m200 [0m @ https://static01.siliconflow.cn/cloud-20260826-113539/_next/static/chunks/5661-0936f204d759839d.js:0
[ -274631ms] [LOG] [34m[POST][0m https://cloud.siliconflow.cn/biz-server/api/v1/pay/orders [32m200 [0m @ https://static01.siliconflow.cn/cloud-20260826-113539/_next/static/chunks/5661-0936f204d759839d.js:0
[ -274625ms] [LOG] [32m[GET][0m https://cloud.siliconflow.cn/walletd-server/api/v1/subject/profile/peek [32m200 [0m @ https://static01.siliconflow.cn/cloud-20260826-113539/_next/static/chunks/5661-0936f204d759839d.js:0
[ -269001ms] [LOG] [32m[GET][0m https://cloud.siliconflow.cn/walletd-server/api/v1/subject/profile/peek [32m200 [0m @ https://static01.siliconflow.cn/cloud-20260826-113539/_next/static/chunks/5661-0936f204d759839d.js:0
[ -268987ms] [LOG] [32m[GET][0m https://cloud.siliconflow.cn/panel-server/api/v1/bill/4/tags?endTime=1787846399999&startTime=1787760000000 [32m200 [0m @ https://static01.siliconflow.cn/cloud-20260826-113539/_next/static/chunks/5661-0936f204d759839d.js:0
[ -268981ms] [LOG] [32m[GET][0m https://cloud.siliconflow.cn/panel-server/api/v1/bill/10/tags?endTime=1787846399999&startTime=1787760000000 [32m200 [0m @ https://static01.siliconflow.cn/cloud-20260826-113539/_next/static/chunks/5661-0936f204d759839d.js:0
[ -268981ms] [LOG] [32m[GET][0m https://cloud.siliconflow.cn/panel-server/api/v1/bill/510/tags?endTime=1787846399999&startTime=1787760000000 [32m200 [0m @ https://static01.siliconflow.cn/cloud-20260826-113539/_next/static/chunks/5661-0936f204d759839d.js:0
[ -268973ms] [LOG] [32m[GET][0m https://cloud.siliconflow.cn/panel-server/api/v1/bill/aggregate_amount?endTime=1787846399999&startTime=1787760000000 [32m200 [0m @ https://static01.siliconflow.cn/cloud-20260826-113539/_next/static/chunks/5661-0936f204d759839d.js:0
[ -268961ms] [LOG] [34m[POST][0m https://cloud.siliconflow.cn/iam-server/api/v1/my/authz/allowed_actions [32m200 [0m @ https://static01.siliconflow.cn/cloud-20260826-113539/_next/static/chunks/5661-0936f204d759839d.js:0
[ -268942ms] [LOG] [32m[GET][0m https://cloud.siliconflow.cn/panel-server/api/v1/bill/items/allocation_aggregate?aggregateByApiKey=true&aggregateByModelName=true&aggregateByUnit=true&current=1&endTime=1787846399999&pageSize=10&startTime=1787760000000&type=3 [32m200 [0m @ https://static01.siliconflow.cn/cloud-20260826-113539/_next/static/chunks/5661-0936f204d759839d.js:0
[ -264840ms] [LOG] [32m[GET][0m https://cloud.siliconflow.cn/walletd-server/api/v1/subject/profile/peek [32m200 [0m @ https://static01.siliconflow.cn/cloud-20260826-113539/_next/static/chunks/5661-0936f204d759839d.js:0
[ -264747ms] [LOG] [32m[GET][0m https://cloud.siliconflow.cn/admin-server/api/model/settings [32m200 [0m @ https://static01.siliconflow.cn/cloud-20260826-113539/_next/static/chunks/5661-0936f204d759839d.js:0
[ -253623ms] [LOG] search value free @ https://static01.siliconflow.cn/cloud-20260826-113539/_next/static/chunks/79009-e9e9ec1b8f8fac83.js:0
[ -245998ms] [LOG] search value  @ https://static01.siliconflow.cn/cloud-20260826-113539/_next/static/chunks/79009-e9e9ec1b8f8fac83.js:0
[ -175739ms] [LOG] [32m[GET][0m https://cloud.siliconflow.cn/panel-server/api/v1/bill/4/tags?endTime=1787846399999&startTime=1787760000000 [32m200 [0m @ https://static01.siliconflow.cn/cloud-20260826-113539/_next/static/chunks/5661-0936f204d759839d.js:0
[ -175730ms] [LOG] [32m[GET][0m https://cloud.siliconflow.cn/walletd-server/api/v1/subject/profile/peek [32m200 [0m @ https://static01.siliconflow.cn/cloud-20260826-113539/_next/static/chunks/5661-0936f204d759839d.js:0
[ -175719ms] [LOG] [32m[GET][0m https://cloud.siliconflow.cn/panel-server/api/v1/bill/aggregate_amount?endTime=1787846399999&startTime=1787760000000 [32m200 [0m @ https://static01.siliconflow.cn/cloud-20260826-113539/_next/static/chunks/5661-0936f204d759839d.js:0
[ -175710ms] [LOG] [32m[GET][0m https://cloud.siliconflow.cn/panel-server/api/v1/bill/10/tags?endTime=1787846399999&startTime=1787760000000 [32m200 [0m @ https://static01.siliconflow.cn/cloud-20260826-113539/_next/static/chunks/5661-0936f204d759839d.js:0
[ -175709ms] [LOG] [32m[GET][0m https://cloud.siliconflow.cn/panel-server/api/v1/bill/510/tags?endTime=1787846399999&startTime=1787760000000 [32m200 [0m @ https://static01.siliconflow.cn/cloud-20260826-113539/_next/static/chunks/5661-0936f204d759839d.js:0
[ -175191ms] [LOG] [32m[GET][0m https://cloud.siliconflow.cn/panel-server/api/v1/bill/items/allocation_aggregate?aggregateByApiKey=true&aggregateByModelName=true&aggregateByUnit=true&current=1&endTime=1787846399999&pageSize=10&startTime=1787760000000&type=3 [32m200 [0m @ https://static01.siliconflow.cn/cloud-20260826-113539/_next/static/chunks/5661-0936f204d759839d.js:0
[ -167009ms] [LOG] [32m[GET][0m https://cloud.siliconflow.cn/walletd-server/api/v1/subject/profile/peek [32m200 [0m @ https://static01.siliconflow.cn/cloud-20260826-113539/_next/static/chunks/5661-0936f204d759839d.js:0
[ -164818ms] [LOG] [32m[GET][0m https://cloud.siliconflow.cn/walletd-server/api/v1/subject/profile/peek [32m200 [0m @ https://static01.siliconflow.cn/cloud-20260826-113539/_next/static/chunks/5661-0936f204d759839d.js:0
[ -163668ms] [LOG] [32m[GET][0m https://cloud.siliconflow.cn/walletd-server/api/v1/subject/profile/peek [32m200 [0m @ https://static01.siliconflow.cn/cloud-20260826-113539/_next/static/chunks/5661-0936f204d759839d.js:0
[ -162784ms] [LOG] [32m[GET][0m https://cloud.siliconflow.cn/walletd-server/api/v1/subject/profile/peek [32m200 [0m @ https://static01.siliconflow.cn/cloud-20260826-113539/_next/static/chunks/5661-0936f204d759839d.js:0
[ -151962ms] [LOG] [32m[GET][0m https://cloud.siliconflow.cn/walletd-server/api/v1/subject/profile/peek [32m200 [0m @ https://static01.siliconflow.cn/cloud-20260826-113539/_next/static/chunks/5661-0936f204d759839d.js:0
[ -151690ms] [LOG] [32m[GET][0m https://cloud.siliconflow.cn/admin-server/api/model/settings [32m200 [0m @ https://static01.siliconflow.cn/cloud-20260826-113539/_next/static/chunks/5661-0936f204d759839d.js:0
[ -150057ms] [LOG] [32m[GET][0m https://cloud.siliconflow.cn/biz-server/api/v1/playground/17885303196/rate_msg [32m200 [0m @ https://static01.siliconflow.cn/cloud-20260826-113539/_next/static/chunks/5661-0936f204d759839d.js:0
[ -149760ms] [LOG] [32m[GET][0m https://cloud.siliconflow.cn/biz-server/api/v1/playground/17885303196/biz_info [32m200 [0m @ https://static01.siliconflow.cn/cloud-20260826-113539/_next/static/chunks/5661-0936f204d759839d.js:0
[  -82740ms] [ERROR] Failed to fetch RSC payload for https://cloud.siliconflow.cn/me/campaigns/inviter. Falling back to browser navigation. ChunkLoadError: Loading chunk 6412 failed.
(error: https://static01.siliconflow.cn/cloud-20260826-113539/_next/static/chunks/app/%5BsubjectId%5D/campaigns/inviter/page-5aaa88b59983478e.js)
    at p.f.j (https://static01.siliconflow.cn/cloud-20260826-113539/_next/static/chunks/webpack-c1bb5969763767c3.js:1:30990)
    at https://static01.siliconflow.cn/cloud-20260826-113539/_next/static/chunks/webpack-c1bb5969763767c3.js:1:1433
    at Array.reduce (<anonymous>)
    at p.e (https://static01.siliconflow.cn/cloud-20260826-113539/_next/static/chunks/webpack-c1bb5969763767c3.js:1:1399)
    at https://static01.siliconflow.cn/cloud-20260826-113539/_next/static/chunks/28133-c2b584ac5ae7fde3.js:2:18941
    at https://static01.siliconflow.cn/cloud-20260826-113539/_next/static/chunks/28133-c2b584ac5ae7fde3.js:2:19143
    at t (https://static01.siliconflow.cn/cloud-20260826-113539/_next/static/chunks/28133-c2b584ac5ae7fde3.js:2:19346) @ https://static01.siliconflow.cn/cloud-20260826-113539/_next/static/chunks/28133-c2b584ac5ae7fde3.js:0
[  -80370ms] [ERROR] Failed to fetch RSC payload for https://cloud.siliconflow.cn/me/campaigns/real-name. Falling back to browser navigation. ChunkLoadError: Loading chunk 68696 failed.
(error: https://static01.siliconflow.cn/cloud-20260826-113539/_next/static/chunks/app/%5BsubjectId%5D/campaigns/real-name/page-8a9f3872615e6d13.js)
    at p.f.j (https://static01.siliconflow.cn/cloud-20260826-113539/_next/static/chunks/webpack-c1bb5969763767c3.js:1:30990)
    at https://static01.siliconflow.cn/cloud-20260826-113539/_next/static/chunks/webpack-c1bb5969763767c3.js:1:1433
    at Array.reduce (<anonymous>)
    at p.e (https://static01.siliconflow.cn/cloud-20260826-113539/_next/static/chunks/webpack-c1bb5969763767c3.js:1:1399)
    at https://static01.siliconflow.cn/cloud-20260826-113539/_next/static/chunks/28133-c2b584ac5ae7fde3.js:2:18941
    at https://static01.siliconflow.cn/cloud-20260826-113539/_next/static/chunks/28133-c2b584ac5ae7fde3.js:2:19143
    at t (https://static01.siliconflow.cn/cloud-20260826-113539/_next/static/chunks/28133-c2b584ac5ae7fde3.js:2:19346) @ https://static01.siliconflow.cn/cloud-20260826-113539/_next/static/chunks/28133-c2b584ac5ae7fde3.js:0
