[     985ms] [VERBOSE] [DOM] Input elements should have autocomplete attributes (suggested: "current-password"): (More info: https://goo.gl/9p2vKq) %o @ https://gcjkstar.cn/problems/python/:0
[     989ms] [WARNING] jQuery.Deferred exception: Morris is not defined ReferenceError: Morris is not defined
    at Object.initFunction (https://gcjkstar.cn/static/js/custom-scripts.js:26:13)
    at HTMLDocument.<anonymous> (https://gcjkstar.cn/static/js/custom-scripts.js:209:17)
    at e (https://gcjkstar.cn/static/js/jquery-3.6.1.min.js:2:30038)
    at t (https://gcjkstar.cn/static/js/jquery-3.6.1.min.js:2:30340) undefined @ https://gcjkstar.cn/static/js/jquery-3.6.1.min.js:1
[    1003ms] ReferenceError: Morris is not defined
    at Object.initFunction (https://gcjkstar.cn/static/js/custom-scripts.js:26:13)
    at HTMLDocument.<anonymous> (https://gcjkstar.cn/static/js/custom-scripts.js:209:17)
    at e (https://gcjkstar.cn/static/js/jquery-3.6.1.min.js:2:30038)
    at t (https://gcjkstar.cn/static/js/jquery-3.6.1.min.js:2:30340)
[    1171ms] [ERROR] Failed to load resource: the server responded with a status of 404 () @ https://gcjkstar.cn/favicon.ico:0
[   72520ms] [VERBOSE] [DOM] Input elements should have autocomplete attributes (suggested: "current-password"): (More info: https://goo.gl/9p2vKq) %o @ https://gcjkstar.cn/problems/2/6/85/27976/test/:0
[   72524ms] [WARNING] jQuery.Deferred exception: Morris is not defined ReferenceError: Morris is not defined
    at Object.initFunction (https://gcjkstar.cn/static/js/custom-scripts.js:26:13)
    at HTMLDocument.<anonymous> (https://gcjkstar.cn/static/js/custom-scripts.js:209:17)
    at e (https://gcjkstar.cn/static/js/jquery-3.6.1.min.js:2:30038)
    at t (https://gcjkstar.cn/static/js/jquery-3.6.1.min.js:2:30340) undefined @ https://gcjkstar.cn/static/js/jquery-3.6.1.min.js:1
[   72531ms] ReferenceError: Morris is not defined
    at Object.initFunction (https://gcjkstar.cn/static/js/custom-scripts.js:26:13)
    at HTMLDocument.<anonymous> (https://gcjkstar.cn/static/js/custom-scripts.js:209:17)
    at e (https://gcjkstar.cn/static/js/jquery-3.6.1.min.js:2:30038)
    at t (https://gcjkstar.cn/static/js/jquery-3.6.1.min.js:2:30340)
[     989ms] [WARNING] jQuery.Deferred exception: Morris is not defined ReferenceError: Morris is not defined
    at Object.initFunction (https://gcjkstar.cn/static/js/custom-scripts.js:26:13)
    at HTMLDocument.<anonymous> (https://gcjkstar.cn/static/js/custom-scripts.js:209:17)
    at e (https://gcjkstar.cn/static/js/jquery-3.6.1.min.js:2:30038)
    at t (https://gcjkstar.cn/static/js/jquery-3.6.1.min.js:2:30340) undefined @ https://gcjkstar.cn/static/js/jquery-3.6.1.min.js:1
[  102666ms] ReferenceError: Morris is not defined
    at Object.initFunction (https://gcjkstar.cn/static/js/custom-scripts.js:26:13)
    at HTMLDocument.<anonymous> (https://gcjkstar.cn/static/js/custom-scripts.js:209:17)
    at e (https://gcjkstar.cn/static/js/jquery-3.6.1.min.js:2:30038)
    at t (https://gcjkstar.cn/static/js/jquery-3.6.1.min.js:2:30340)
[     985ms] [VERBOSE] [DOM] Input elements should have autocomplete attributes (suggested: "current-password"): (More info: https://goo.gl/9p2vKq) %o @ https://gcjkstar.cn/problems/python/:0
[    1171ms] [ERROR] Failed to load resource: the server responded with a status of 404 () @ https://gcjkstar.cn/favicon.ico:0
[   72524ms] [WARNING] jQuery.Deferred exception: Morris is not defined ReferenceError: Morris is not defined
    at Object.initFunction (https://gcjkstar.cn/static/js/custom-scripts.js:26:13)
    at HTMLDocument.<anonymous> (https://gcjkstar.cn/static/js/custom-scripts.js:209:17)
    at e (https://gcjkstar.cn/static/js/jquery-3.6.1.min.js:2:30038)
    at t (https://gcjkstar.cn/static/js/jquery-3.6.1.min.js:2:30340) undefined @ https://gcjkstar.cn/static/js/jquery-3.6.1.min.js:1
[  111808ms] ReferenceError: Morris is not defined
    at Object.initFunction (https://gcjkstar.cn/static/js/custom-scripts.js:26:13)
    at HTMLDocument.<anonymous> (https://gcjkstar.cn/static/js/custom-scripts.js:209:17)
    at e (https://gcjkstar.cn/static/js/jquery-3.6.1.min.js:2:30038)
    at t (https://gcjkstar.cn/static/js/jquery-3.6.1.min.js:2:30340)
[   72520ms] [VERBOSE] [DOM] Input elements should have autocomplete attributes (suggested: "current-password"): (More info: https://goo.gl/9p2vKq) %o @ https://gcjkstar.cn/problems/2/6/85/27976/test/:0
[     989ms] [WARNING] jQuery.Deferred exception: Morris is not defined ReferenceError: Morris is not defined
    at Object.initFunction (https://gcjkstar.cn/static/js/custom-scripts.js:26:13)
    at HTMLDocument.<anonymous> (https://gcjkstar.cn/static/js/custom-scripts.js:209:17)
    at e (https://gcjkstar.cn/static/js/jquery-3.6.1.min.js:2:30038)
    at t (https://gcjkstar.cn/static/js/jquery-3.6.1.min.js:2:30340) undefined @ https://gcjkstar.cn/static/js/jquery-3.6.1.min.js:1
[  127219ms] ReferenceError: Morris is not defined
    at Object.initFunction (https://gcjkstar.cn/static/js/custom-scripts.js:26:13)
    at HTMLDocument.<anonymous> (https://gcjkstar.cn/static/js/custom-scripts.js:209:17)
    at e (https://gcjkstar.cn/static/js/jquery-3.6.1.min.js:2:30038)
    at t (https://gcjkstar.cn/static/js/jquery-3.6.1.min.js:2:30340)
[     985ms] [VERBOSE] [DOM] Input elements should have autocomplete attributes (suggested: "current-password"): (More info: https://goo.gl/9p2vKq) %o @ https://gcjkstar.cn/problems/python/:0
[    1171ms] [ERROR] Failed to load resource: the server responded with a status of 404 () @ https://gcjkstar.cn/favicon.ico:0
[   72524ms] [WARNING] jQuery.Deferred exception: Morris is not defined ReferenceError: Morris is not defined
    at Object.initFunction (https://gcjkstar.cn/static/js/custom-scripts.js:26:13)
    at HTMLDocument.<anonymous> (https://gcjkstar.cn/static/js/custom-scripts.js:209:17)
    at e (https://gcjkstar.cn/static/js/jquery-3.6.1.min.js:2:30038)
    at t (https://gcjkstar.cn/static/js/jquery-3.6.1.min.js:2:30340) undefined @ https://gcjkstar.cn/static/js/jquery-3.6.1.min.js:1
[  127714ms] ReferenceError: Morris is not defined
    at Object.initFunction (https://gcjkstar.cn/static/js/custom-scripts.js:26:13)
    at HTMLDocument.<anonymous> (https://gcjkstar.cn/static/js/custom-scripts.js:209:17)
    at e (https://gcjkstar.cn/static/js/jquery-3.6.1.min.js:2:30038)
    at t (https://gcjkstar.cn/static/js/jquery-3.6.1.min.js:2:30340)
[   72520ms] [VERBOSE] [DOM] Input elements should have autocomplete attributes (suggested: "current-password"): (More info: https://goo.gl/9p2vKq) %o @ https://gcjkstar.cn/problems/2/6/85/27976/test/:0
[     989ms] [WARNING] jQuery.Deferred exception: Morris is not defined ReferenceError: Morris is not defined
    at Object.initFunction (https://gcjkstar.cn/static/js/custom-scripts.js:26:13)
    at HTMLDocument.<anonymous> (https://gcjkstar.cn/static/js/custom-scripts.js:209:17)
    at e (https://gcjkstar.cn/static/js/jquery-3.6.1.min.js:2:30038)
    at t (https://gcjkstar.cn/static/js/jquery-3.6.1.min.js:2:30340) undefined @ https://gcjkstar.cn/static/js/jquery-3.6.1.min.js:1
[  128279ms] ReferenceError: Morris is not defined
    at Object.initFunction (https://gcjkstar.cn/static/js/custom-scripts.js:26:13)
    at HTMLDocument.<anonymous> (https://gcjkstar.cn/static/js/custom-scripts.js:209:17)
    at e (https://gcjkstar.cn/static/js/jquery-3.6.1.min.js:2:30038)
    at t (https://gcjkstar.cn/static/js/jquery-3.6.1.min.js:2:30340)
[     985ms] [VERBOSE] [DOM] Input elements should have autocomplete attributes (suggested: "current-password"): (More info: https://goo.gl/9p2vKq) %o @ https://gcjkstar.cn/problems/python/:0
[    1171ms] [ERROR] Failed to load resource: the server responded with a status of 404 () @ https://gcjkstar.cn/favicon.ico:0
[   72524ms] [WARNING] jQuery.Deferred exception: Morris is not defined ReferenceError: Morris is not defined
    at Object.initFunction (https://gcjkstar.cn/static/js/custom-scripts.js:26:13)
    at HTMLDocument.<anonymous> (https://gcjkstar.cn/static/js/custom-scripts.js:209:17)
    at e (https://gcjkstar.cn/static/js/jquery-3.6.1.min.js:2:30038)
    at t (https://gcjkstar.cn/static/js/jquery-3.6.1.min.js:2:30340) undefined @ https://gcjkstar.cn/static/js/jquery-3.6.1.min.js:1
[  128692ms] ReferenceError: Morris is not defined
    at Object.initFunction (https://gcjkstar.cn/static/js/custom-scripts.js:26:13)
    at HTMLDocument.<anonymous> (https://gcjkstar.cn/static/js/custom-scripts.js:209:17)
    at e (https://gcjkstar.cn/static/js/jquery-3.6.1.min.js:2:30038)
    at t (https://gcjkstar.cn/static/js/jquery-3.6.1.min.js:2:30340)
[   72520ms] [VERBOSE] [DOM] Input elements should have autocomplete attributes (suggested: "current-password"): (More info: https://goo.gl/9p2vKq) %o @ https://gcjkstar.cn/problems/2/6/85/27976/test/:0
[     989ms] [WARNING] jQuery.Deferred exception: Morris is not defined ReferenceError: Morris is not defined
    at Object.initFunction (https://gcjkstar.cn/static/js/custom-scripts.js:26:13)
    at HTMLDocument.<anonymous> (https://gcjkstar.cn/static/js/custom-scripts.js:209:17)
    at e (https://gcjkstar.cn/static/js/jquery-3.6.1.min.js:2:30038)
    at t (https://gcjkstar.cn/static/js/jquery-3.6.1.min.js:2:30340) undefined @ https://gcjkstar.cn/static/js/jquery-3.6.1.min.js:1
[  129669ms] ReferenceError: Morris is not defined
    at Object.initFunction (https://gcjkstar.cn/static/js/custom-scripts.js:26:13)
    at HTMLDocument.<anonymous> (https://gcjkstar.cn/static/js/custom-scripts.js:209:17)
    at e (https://gcjkstar.cn/static/js/jquery-3.6.1.min.js:2:30038)
    at t (https://gcjkstar.cn/static/js/jquery-3.6.1.min.js:2:30340)
[     985ms] [VERBOSE] [DOM] Input elements should have autocomplete attributes (suggested: "current-password"): (More info: https://goo.gl/9p2vKq) %o @ https://gcjkstar.cn/problems/python/:0
[    1171ms] [ERROR] Failed to load resource: the server responded with a status of 404 () @ https://gcjkstar.cn/favicon.ico:0
[  140727ms] [VERBOSE] [DOM] Input elements should have autocomplete attributes (suggested: "current-password"): (More info: https://goo.gl/9p2vKq) %o @ https://gcjkstar.cn/problems/2/6/86/raisetest/:0
[  140729ms] [WARNING] jQuery.Deferred exception: Morris is not defined ReferenceError: Morris is not defined
    at Object.initFunction (https://gcjkstar.cn/static/js/custom-scripts.js:26:13)
    at HTMLDocument.<anonymous> (https://gcjkstar.cn/static/js/custom-scripts.js:209:17)
    at e (https://gcjkstar.cn/static/js/jquery-3.6.1.min.js:2:30038)
    at t (https://gcjkstar.cn/static/js/jquery-3.6.1.min.js:2:30340) undefined @ https://gcjkstar.cn/static/js/jquery-3.6.1.min.js:1
[  140735ms] ReferenceError: Morris is not defined
    at Object.initFunction (https://gcjkstar.cn/static/js/custom-scripts.js:26:13)
    at HTMLDocument.<anonymous> (https://gcjkstar.cn/static/js/custom-scripts.js:209:17)
    at e (https://gcjkstar.cn/static/js/jquery-3.6.1.min.js:2:30038)
    at t (https://gcjkstar.cn/static/js/jquery-3.6.1.min.js:2:30340)
[  149174ms] [VERBOSE] [DOM] Input elements should have autocomplete attributes (suggested: "current-password"): (More info: https://goo.gl/9p2vKq) %o @ https://gcjkstar.cn/problems/2/6/85/27976/test/:0
[  149178ms] [WARNING] jQuery.Deferred exception: Morris is not defined ReferenceError: Morris is not defined
    at Object.initFunction (https://gcjkstar.cn/static/js/custom-scripts.js:26:13)
    at HTMLDocument.<anonymous> (https://gcjkstar.cn/static/js/custom-scripts.js:209:17)
    at e (https://gcjkstar.cn/static/js/jquery-3.6.1.min.js:2:30038)
    at t (https://gcjkstar.cn/static/js/jquery-3.6.1.min.js:2:30340) undefined @ https://gcjkstar.cn/static/js/jquery-3.6.1.min.js:1
[  149186ms] ReferenceError: Morris is not defined
    at Object.initFunction (https://gcjkstar.cn/static/js/custom-scripts.js:26:13)
    at HTMLDocument.<anonymous> (https://gcjkstar.cn/static/js/custom-scripts.js:209:17)
    at e (https://gcjkstar.cn/static/js/jquery-3.6.1.min.js:2:30038)
    at t (https://gcjkstar.cn/static/js/jquery-3.6.1.min.js:2:30340)
[  149232ms] Uncaught TypeError: Cannot set property Package of #<Object> which has only a getter
    at s (https://unpkg.com/mathjax@3/es5/tex-mml-chtml.js:0:13800)
    at s (https://unpkg.com/mathjax@3/es5/tex-mml-chtml.js:0:13807)
    at s (https://unpkg.com/mathjax@3/es5/tex-mml-chtml.js:0:13807)
    at s (https://unpkg.com/mathjax@3/es5/tex-mml-chtml.js:0:13807)
    at e.combineWithMathJax (https://unpkg.com/mathjax@3/es5/tex-mml-chtml.js:0:14316)
    at <anonymous> (https://unpkg.com/mathjax@3/es5/tex-mml-chtml.js:0:1156314)
    at <anonymous> (https://unpkg.com/mathjax@3/es5/tex-mml-chtml.js:0:1173000)
    at <anonymous> (https://unpkg.com/mathjax@3/es5/tex-mml-chtml.js:0:1173004)
[  140729ms] [WARNING] jQuery.Deferred exception: Morris is not defined ReferenceError: Morris is not defined
    at Object.initFunction (https://gcjkstar.cn/static/js/custom-scripts.js:26:13)
    at HTMLDocument.<anonymous> (https://gcjkstar.cn/static/js/custom-scripts.js:209:17)
    at e (https://gcjkstar.cn/static/js/jquery-3.6.1.min.js:2:30038)
    at t (https://gcjkstar.cn/static/js/jquery-3.6.1.min.js:2:30340) undefined @ https://gcjkstar.cn/static/js/jquery-3.6.1.min.js:1
[  150551ms] ReferenceError: Morris is not defined
    at Object.initFunction (https://gcjkstar.cn/static/js/custom-scripts.js:26:13)
    at HTMLDocument.<anonymous> (https://gcjkstar.cn/static/js/custom-scripts.js:209:17)
    at e (https://gcjkstar.cn/static/js/jquery-3.6.1.min.js:2:30038)
    at t (https://gcjkstar.cn/static/js/jquery-3.6.1.min.js:2:30340)
[  140727ms] [VERBOSE] [DOM] Input elements should have autocomplete attributes (suggested: "current-password"): (More info: https://goo.gl/9p2vKq) %o @ https://gcjkstar.cn/problems/2/6/86/raisetest/:0
[     989ms] [WARNING] jQuery.Deferred exception: Morris is not defined ReferenceError: Morris is not defined
    at Object.initFunction (https://gcjkstar.cn/static/js/custom-scripts.js:26:13)
    at HTMLDocument.<anonymous> (https://gcjkstar.cn/static/js/custom-scripts.js:209:17)
    at e (https://gcjkstar.cn/static/js/jquery-3.6.1.min.js:2:30038)
    at t (https://gcjkstar.cn/static/js/jquery-3.6.1.min.js:2:30340) undefined @ https://gcjkstar.cn/static/js/jquery-3.6.1.min.js:1
[  156037ms] ReferenceError: Morris is not defined
    at Object.initFunction (https://gcjkstar.cn/static/js/custom-scripts.js:26:13)
    at HTMLDocument.<anonymous> (https://gcjkstar.cn/static/js/custom-scripts.js:209:17)
    at e (https://gcjkstar.cn/static/js/jquery-3.6.1.min.js:2:30038)
    at t (https://gcjkstar.cn/static/js/jquery-3.6.1.min.js:2:30340)
[     985ms] [VERBOSE] [DOM] Input elements should have autocomplete attributes (suggested: "current-password"): (More info: https://goo.gl/9p2vKq) %o @ https://gcjkstar.cn/problems/python/:0
[    1171ms] [ERROR] Failed to load resource: the server responded with a status of 404 () @ https://gcjkstar.cn/favicon.ico:0
[  159212ms] [VERBOSE] [DOM] Input elements should have autocomplete attributes (suggested: "current-password"): (More info: https://goo.gl/9p2vKq) %o @ https://gcjkstar.cn/problems/2/6/85/raisetest/:0
[  159213ms] [WARNING] jQuery.Deferred exception: Morris is not defined ReferenceError: Morris is not defined
    at Object.initFunction (https://gcjkstar.cn/static/js/custom-scripts.js:26:13)
    at HTMLDocument.<anonymous> (https://gcjkstar.cn/static/js/custom-scripts.js:209:17)
    at e (https://gcjkstar.cn/static/js/jquery-3.6.1.min.js:2:30038)
    at t (https://gcjkstar.cn/static/js/jquery-3.6.1.min.js:2:30340) undefined @ https://gcjkstar.cn/static/js/jquery-3.6.1.min.js:1
[  159231ms] ReferenceError: Morris is not defined
    at Object.initFunction (https://gcjkstar.cn/static/js/custom-scripts.js:26:13)
    at HTMLDocument.<anonymous> (https://gcjkstar.cn/static/js/custom-scripts.js:209:17)
    at e (https://gcjkstar.cn/static/js/jquery-3.6.1.min.js:2:30038)
    at t (https://gcjkstar.cn/static/js/jquery-3.6.1.min.js:2:30340)
[  161103ms] [VERBOSE] [DOM] Input elements should have autocomplete attributes (suggested: "current-password"): (More info: https://goo.gl/9p2vKq) %o @ https://gcjkstar.cn/problems/2/6/85/27977/test/:0
[  161108ms] [WARNING] jQuery.Deferred exception: Morris is not defined ReferenceError: Morris is not defined
    at Object.initFunction (https://gcjkstar.cn/static/js/custom-scripts.js:26:13)
    at HTMLDocument.<anonymous> (https://gcjkstar.cn/static/js/custom-scripts.js:209:17)
    at e (https://gcjkstar.cn/static/js/jquery-3.6.1.min.js:2:30038)
    at t (https://gcjkstar.cn/static/js/jquery-3.6.1.min.js:2:30340) undefined @ https://gcjkstar.cn/static/js/jquery-3.6.1.min.js:1
[  161111ms] ReferenceError: Morris is not defined
    at Object.initFunction (https://gcjkstar.cn/static/js/custom-scripts.js:26:13)
    at HTMLDocument.<anonymous> (https://gcjkstar.cn/static/js/custom-scripts.js:209:17)
    at e (https://gcjkstar.cn/static/js/jquery-3.6.1.min.js:2:30038)
    at t (https://gcjkstar.cn/static/js/jquery-3.6.1.min.js:2:30340)
[  161113ms] Uncaught TypeError: Cannot set property Package of #<Object> which has only a getter
    at s (https://unpkg.com/mathjax@3/es5/tex-mml-chtml.js:0:13800)
    at s (https://unpkg.com/mathjax@3/es5/tex-mml-chtml.js:0:13807)
    at s (https://unpkg.com/mathjax@3/es5/tex-mml-chtml.js:0:13807)
    at s (https://unpkg.com/mathjax@3/es5/tex-mml-chtml.js:0:13807)
    at e.combineWithMathJax (https://unpkg.com/mathjax@3/es5/tex-mml-chtml.js:0:14316)
    at <anonymous> (https://unpkg.com/mathjax@3/es5/tex-mml-chtml.js:0:1156314)
    at <anonymous> (https://unpkg.com/mathjax@3/es5/tex-mml-chtml.js:0:1173000)
    at <anonymous> (https://unpkg.com/mathjax@3/es5/tex-mml-chtml.js:0:1173004)
[  216227ms] [VERBOSE] [DOM] Input elements should have autocomplete attributes (suggested: "current-password"): (More info: https://goo.gl/9p2vKq) %o @ https://gcjkstar.cn/home/:0
[  216228ms] [WARNING] jQuery.Deferred exception: Morris is not defined ReferenceError: Morris is not defined
    at Object.initFunction (https://gcjkstar.cn/static/js/custom-scripts.js:26:13)
    at HTMLDocument.<anonymous> (https://gcjkstar.cn/static/js/custom-scripts.js:209:17)
    at e (https://gcjkstar.cn/static/js/jquery-3.6.1.min.js:2:30038)
    at t (https://gcjkstar.cn/static/js/jquery-3.6.1.min.js:2:30340) undefined @ https://gcjkstar.cn/static/js/jquery-3.6.1.min.js:1
[  216235ms] ReferenceError: Morris is not defined
    at Object.initFunction (https://gcjkstar.cn/static/js/custom-scripts.js:26:13)
    at HTMLDocument.<anonymous> (https://gcjkstar.cn/static/js/custom-scripts.js:209:17)
    at e (https://gcjkstar.cn/static/js/jquery-3.6.1.min.js:2:30038)
    at t (https://gcjkstar.cn/static/js/jquery-3.6.1.min.js:2:30340)
[  216408ms] [ERROR] Failed to load resource: the server responded with a status of 404 () @ https://gcjkstar.cn/static/js/output/chtml/fonts/woff-v2/MathJax_Zero.woff:0
[  219076ms] [ERROR] Failed to load resource: the server responded with a status of 404 () @ https://gcjkstar.cn/static/js/output/chtml/fonts/woff-v2/MathJax_Math-Italic.woff:0
[  219076ms] [ERROR] Failed to load resource: the server responded with a status of 404 () @ https://gcjkstar.cn/static/js/output/chtml/fonts/woff-v2/MathJax_Main-Regular.woff:0
[  161108ms] [WARNING] jQuery.Deferred exception: Morris is not defined ReferenceError: Morris is not defined
    at Object.initFunction (https://gcjkstar.cn/static/js/custom-scripts.js:26:13)
    at HTMLDocument.<anonymous> (https://gcjkstar.cn/static/js/custom-scripts.js:209:17)
    at e (https://gcjkstar.cn/static/js/jquery-3.6.1.min.js:2:30038)
    at t (https://gcjkstar.cn/static/js/jquery-3.6.1.min.js:2:30340) undefined @ https://gcjkstar.cn/static/js/jquery-3.6.1.min.js:1
[  224506ms] ReferenceError: Morris is not defined
    at Object.initFunction (https://gcjkstar.cn/static/js/custom-scripts.js:26:13)
    at HTMLDocument.<anonymous> (https://gcjkstar.cn/static/js/custom-scripts.js:209:17)
    at e (https://gcjkstar.cn/static/js/jquery-3.6.1.min.js:2:30038)
    at t (https://gcjkstar.cn/static/js/jquery-3.6.1.min.js:2:30340)
[  224506ms] Uncaught TypeError: Cannot set property Package of #<Object> which has only a getter
    at s (https://unpkg.com/mathjax@3/es5/tex-mml-chtml.js:0:13800)
    at s (https://unpkg.com/mathjax@3/es5/tex-mml-chtml.js:0:13807)
    at s (https://unpkg.com/mathjax@3/es5/tex-mml-chtml.js:0:13807)
    at s (https://unpkg.com/mathjax@3/es5/tex-mml-chtml.js:0:13807)
    at e.combineWithMathJax (https://unpkg.com/mathjax@3/es5/tex-mml-chtml.js:0:14316)
    at <anonymous> (https://unpkg.com/mathjax@3/es5/tex-mml-chtml.js:0:1156314)
    at <anonymous> (https://unpkg.com/mathjax@3/es5/tex-mml-chtml.js:0:1173000)
    at <anonymous> (https://unpkg.com/mathjax@3/es5/tex-mml-chtml.js:0:1173004)
[  161103ms] [VERBOSE] [DOM] Input elements should have autocomplete attributes (suggested: "current-password"): (More info: https://goo.gl/9p2vKq) %o @ https://gcjkstar.cn/problems/2/6/85/27977/test/:0
[  216228ms] [WARNING] jQuery.Deferred exception: Morris is not defined ReferenceError: Morris is not defined
    at Object.initFunction (https://gcjkstar.cn/static/js/custom-scripts.js:26:13)
    at HTMLDocument.<anonymous> (https://gcjkstar.cn/static/js/custom-scripts.js:209:17)
    at e (https://gcjkstar.cn/static/js/jquery-3.6.1.min.js:2:30038)
    at t (https://gcjkstar.cn/static/js/jquery-3.6.1.min.js:2:30340) undefined @ https://gcjkstar.cn/static/js/jquery-3.6.1.min.js:1
[  225419ms] ReferenceError: Morris is not defined
    at Object.initFunction (https://gcjkstar.cn/static/js/custom-scripts.js:26:13)
    at HTMLDocument.<anonymous> (https://gcjkstar.cn/static/js/custom-scripts.js:209:17)
    at e (https://gcjkstar.cn/static/js/jquery-3.6.1.min.js:2:30038)
    at t (https://gcjkstar.cn/static/js/jquery-3.6.1.min.js:2:30340)
[  216227ms] [VERBOSE] [DOM] Input elements should have autocomplete attributes (suggested: "current-password"): (More info: https://goo.gl/9p2vKq) %o @ https://gcjkstar.cn/home/:0
[  216408ms] [ERROR] Failed to load resource: the server responded with a status of 404 () @ https://gcjkstar.cn/static/js/output/chtml/fonts/woff-v2/MathJax_Zero.woff:0
[  219076ms] [ERROR] Failed to load resource: the server responded with a status of 404 () @ https://gcjkstar.cn/static/js/output/chtml/fonts/woff-v2/MathJax_Math-Italic.woff:0
[  219076ms] [ERROR] Failed to load resource: the server responded with a status of 404 () @ https://gcjkstar.cn/static/js/output/chtml/fonts/woff-v2/MathJax_Main-Regular.woff:0
[  161108ms] [WARNING] jQuery.Deferred exception: Morris is not defined ReferenceError: Morris is not defined
    at Object.initFunction (https://gcjkstar.cn/static/js/custom-scripts.js:26:13)
    at HTMLDocument.<anonymous> (https://gcjkstar.cn/static/js/custom-scripts.js:209:17)
    at e (https://gcjkstar.cn/static/js/jquery-3.6.1.min.js:2:30038)
    at t (https://gcjkstar.cn/static/js/jquery-3.6.1.min.js:2:30340) undefined @ https://gcjkstar.cn/static/js/jquery-3.6.1.min.js:1
[  225863ms] ReferenceError: Morris is not defined
    at Object.initFunction (https://gcjkstar.cn/static/js/custom-scripts.js:26:13)
    at HTMLDocument.<anonymous> (https://gcjkstar.cn/static/js/custom-scripts.js:209:17)
    at e (https://gcjkstar.cn/static/js/jquery-3.6.1.min.js:2:30038)
    at t (https://gcjkstar.cn/static/js/jquery-3.6.1.min.js:2:30340)
[  225864ms] Uncaught TypeError: Cannot set property Package of #<Object> which has only a getter
    at s (https://unpkg.com/mathjax@3/es5/tex-mml-chtml.js:0:13800)
    at s (https://unpkg.com/mathjax@3/es5/tex-mml-chtml.js:0:13807)
    at s (https://unpkg.com/mathjax@3/es5/tex-mml-chtml.js:0:13807)
    at s (https://unpkg.com/mathjax@3/es5/tex-mml-chtml.js:0:13807)
    at e.combineWithMathJax (https://unpkg.com/mathjax@3/es5/tex-mml-chtml.js:0:14316)
    at <anonymous> (https://unpkg.com/mathjax@3/es5/tex-mml-chtml.js:0:1156314)
    at <anonymous> (https://unpkg.com/mathjax@3/es5/tex-mml-chtml.js:0:1173000)
    at <anonymous> (https://unpkg.com/mathjax@3/es5/tex-mml-chtml.js:0:1173004)
[  161103ms] [VERBOSE] [DOM] Input elements should have autocomplete attributes (suggested: "current-password"): (More info: https://goo.gl/9p2vKq) %o @ https://gcjkstar.cn/problems/2/6/85/27977/test/:0
[  216228ms] [WARNING] jQuery.Deferred exception: Morris is not defined ReferenceError: Morris is not defined
    at Object.initFunction (https://gcjkstar.cn/static/js/custom-scripts.js:26:13)
    at HTMLDocument.<anonymous> (https://gcjkstar.cn/static/js/custom-scripts.js:209:17)
    at e (https://gcjkstar.cn/static/js/jquery-3.6.1.min.js:2:30038)
    at t (https://gcjkstar.cn/static/js/jquery-3.6.1.min.js:2:30340) undefined @ https://gcjkstar.cn/static/js/jquery-3.6.1.min.js:1
[  226387ms] ReferenceError: Morris is not defined
    at Object.initFunction (https://gcjkstar.cn/static/js/custom-scripts.js:26:13)
    at HTMLDocument.<anonymous> (https://gcjkstar.cn/static/js/custom-scripts.js:209:17)
    at e (https://gcjkstar.cn/static/js/jquery-3.6.1.min.js:2:30038)
    at t (https://gcjkstar.cn/static/js/jquery-3.6.1.min.js:2:30340)
[  216227ms] [VERBOSE] [DOM] Input elements should have autocomplete attributes (suggested: "current-password"): (More info: https://goo.gl/9p2vKq) %o @ https://gcjkstar.cn/home/:0
[  216408ms] [ERROR] Failed to load resource: the server responded with a status of 404 () @ https://gcjkstar.cn/static/js/output/chtml/fonts/woff-v2/MathJax_Zero.woff:0
[  219076ms] [ERROR] Failed to load resource: the server responded with a status of 404 () @ https://gcjkstar.cn/static/js/output/chtml/fonts/woff-v2/MathJax_Math-Italic.woff:0
[  219076ms] [ERROR] Failed to load resource: the server responded with a status of 404 () @ https://gcjkstar.cn/static/js/output/chtml/fonts/woff-v2/MathJax_Main-Regular.woff:0
[  161108ms] [WARNING] jQuery.Deferred exception: Morris is not defined ReferenceError: Morris is not defined
    at Object.initFunction (https://gcjkstar.cn/static/js/custom-scripts.js:26:13)
    at HTMLDocument.<anonymous> (https://gcjkstar.cn/static/js/custom-scripts.js:209:17)
    at e (https://gcjkstar.cn/static/js/jquery-3.6.1.min.js:2:30038)
    at t (https://gcjkstar.cn/static/js/jquery-3.6.1.min.js:2:30340) undefined @ https://gcjkstar.cn/static/js/jquery-3.6.1.min.js:1
[  226740ms] ReferenceError: Morris is not defined
    at Object.initFunction (https://gcjkstar.cn/static/js/custom-scripts.js:26:13)
    at HTMLDocument.<anonymous> (https://gcjkstar.cn/static/js/custom-scripts.js:209:17)
    at e (https://gcjkstar.cn/static/js/jquery-3.6.1.min.js:2:30038)
    at t (https://gcjkstar.cn/static/js/jquery-3.6.1.min.js:2:30340)
[  226740ms] Uncaught TypeError: Cannot set property Package of #<Object> which has only a getter
    at s (https://unpkg.com/mathjax@3/es5/tex-mml-chtml.js:0:13800)
    at s (https://unpkg.com/mathjax@3/es5/tex-mml-chtml.js:0:13807)
    at s (https://unpkg.com/mathjax@3/es5/tex-mml-chtml.js:0:13807)
    at s (https://unpkg.com/mathjax@3/es5/tex-mml-chtml.js:0:13807)
    at e.combineWithMathJax (https://unpkg.com/mathjax@3/es5/tex-mml-chtml.js:0:14316)
    at <anonymous> (https://unpkg.com/mathjax@3/es5/tex-mml-chtml.js:0:1156314)
    at <anonymous> (https://unpkg.com/mathjax@3/es5/tex-mml-chtml.js:0:1173000)
    at <anonymous> (https://unpkg.com/mathjax@3/es5/tex-mml-chtml.js:0:1173004)
[  161103ms] [VERBOSE] [DOM] Input elements should have autocomplete attributes (suggested: "current-password"): (More info: https://goo.gl/9p2vKq) %o @ https://gcjkstar.cn/problems/2/6/85/27977/test/:0
[  229995ms] [VERBOSE] [DOM] Input elements should have autocomplete attributes (suggested: "current-password"): (More info: https://goo.gl/9p2vKq) %o @ https://gcjkstar.cn/home/:0
[  229996ms] [WARNING] jQuery.Deferred exception: Morris is not defined ReferenceError: Morris is not defined
    at Object.initFunction (https://gcjkstar.cn/static/js/custom-scripts.js:26:13)
    at HTMLDocument.<anonymous> (https://gcjkstar.cn/static/js/custom-scripts.js:209:17)
    at e (https://gcjkstar.cn/static/js/jquery-3.6.1.min.js:2:30038)
    at t (https://gcjkstar.cn/static/js/jquery-3.6.1.min.js:2:30340) undefined @ https://gcjkstar.cn/static/js/jquery-3.6.1.min.js:1
[  230006ms] ReferenceError: Morris is not defined
    at Object.initFunction (https://gcjkstar.cn/static/js/custom-scripts.js:26:13)
    at HTMLDocument.<anonymous> (https://gcjkstar.cn/static/js/custom-scripts.js:209:17)
    at e (https://gcjkstar.cn/static/js/jquery-3.6.1.min.js:2:30038)
    at t (https://gcjkstar.cn/static/js/jquery-3.6.1.min.js:2:30340)
[  230202ms] [ERROR] Failed to load resource: the server responded with a status of 404 () @ https://gcjkstar.cn/static/js/output/chtml/fonts/woff-v2/MathJax_Zero.woff:0
[  230377ms] [ERROR] Failed to load resource: the server responded with a status of 404 () @ https://gcjkstar.cn/static/js/output/chtml/fonts/woff-v2/MathJax_Main-Regular.woff:0
[  230378ms] [ERROR] Failed to load resource: the server responded with a status of 404 () @ https://gcjkstar.cn/static/js/output/chtml/fonts/woff-v2/MathJax_Math-Italic.woff:0
