[   84690ms] [ERROR] Failed to load resource: net::ERR_CONNECTION_TIMED_OUT @ https://static01.siliconflow.cn/oss-images/sf/logo.svg:0
[   85717ms] [ERROR] Failed to load resource: net::ERR_CONNECTION_TIMED_OUT @ https://static01.siliconflow.cn/cloud-20260826-113539/_next/static/css/061d2ce4c1380f86.css:0
[   85925ms] [ERROR] Failed to load resource: net::ERR_CONNECTION_TIMED_OUT @ https://static01.siliconflow.cn/cloud-20260826-113539/_next/static/css/934882208ae5faf5.css:0
[   85956ms] [ERROR] Failed to load resource: net::ERR_CONNECTION_TIMED_OUT @ https://static01.siliconflow.cn/oss-images/sf/logo-without-text.svg:0
[   86002ms] [ERROR] Failed to load resource: net::ERR_DNS_NO_MATCHING_SUPPORTED_ALPN @ https://static01.siliconflow.cn/cloud-20260826-113539/_next/static/chunks/webpack-c1bb5969763767c3.js:0
[   89639ms] [WARNING] The resource https://cloud.siliconflow.cn/YiDunProtector-Web-2.1.4.js was preloaded using link preload but not used within a few seconds from the window's load event. Please make sure it has an appropriate `as` value and it is preloaded intentionally. @ https://cloud.siliconflow.cn/me/account/ak:0
[   89639ms] [WARNING] The resource https://www.googletagmanager.com/gtag/js?id=G-FS03N2E4YL was preloaded using link preload but not used within a few seconds from the window's load event. Please make sure it has an appropriate `as` value and it is preloaded intentionally. @ https://cloud.siliconflow.cn/me/account/ak:0
[   89639ms] [WARNING] The resource https://cloud.siliconflow.cn/YiDunCaptcha.js was preloaded using link preload but not used within a few seconds from the window's load event. Please make sure it has an appropriate `as` value and it is preloaded intentionally. @ https://cloud.siliconflow.cn/me/account/ak:0
[  165689ms] [LOG] [32m[GET][0m https://cloud.siliconflow.cn/cache-server/api/v1/lists/whitelist-fine-tune-task-subjects/items?k=da85dkdsssvc739fe9j0 [32m200 [0m @ https://static01.siliconflow.cn/cloud-20260826-113539/_next/static/chunks/5661-0936f204d759839d.js:0
[  165718ms] [LOG] [32m[GET][0m https://cloud.siliconflow.cn/admin-server/api/model/settings [32m200 [0m @ https://static01.siliconflow.cn/cloud-20260826-113539/_next/static/chunks/5661-0936f204d759839d.js:0
[  165846ms] [LOG] [34m[POST][0m https://cloud.siliconflow.cn/iam-server/api/v1/my/authz/allowed_actions [32m200 [0m @ https://static01.siliconflow.cn/cloud-20260826-113539/_next/static/chunks/5661-0936f204d759839d.js:0
[  165889ms] [LOG] [32m[GET][0m https://cloud.siliconflow.cn/walletd-server/api/v1/subject/profile/peek [32m200 [0m @ https://static01.siliconflow.cn/cloud-20260826-113539/_next/static/chunks/5661-0936f204d759839d.js:0
[  166083ms] [LOG] [32m[GET][0m https://cloud.siliconflow.cn/iam-server/api/v1/subject/info/peek?attrs=s%3Ainfo%3AinvitationCode&attrs=s%3Atier%3Acomputed [32m200 [0m @ https://static01.siliconflow.cn/cloud-20260826-113539/_next/static/chunks/5661-0936f204d759839d.js:0
[  173440ms] [LOG] [32m[GET][0m https://cloud.siliconflow.cn/walletd-server/api/v1/subject/profile/peek [32m200 [0m @ https://static01.siliconflow.cn/cloud-20260826-113539/_next/static/chunks/5661-0936f204d759839d.js:0
[  173474ms] [LOG] [34m[POST][0m https://cloud.siliconflow.cn/iam-server/api/v1/my/authz/allowed_actions [32m200 [0m @ https://static01.siliconflow.cn/cloud-20260826-113539/_next/static/chunks/5661-0936f204d759839d.js:0
[  233006ms] [LOG] [34m[POST][0m https://cloud.siliconflow.cn/biz-server/api/v1/apikey/create [32m200 [0m @ https://static01.siliconflow.cn/cloud-20260826-113539/_next/static/chunks/5661-0936f204d759839d.js:0
[  233647ms] [LOG] [34m[POST][0m https://cloud.siliconflow.cn/iam-server/api/v1/my/authz/allowed_actions [32m200 [0m @ https://static01.siliconflow.cn/cloud-20260826-113539/_next/static/chunks/5661-0936f204d759839d.js:0
[  246392ms] [LOG] [32m[GET][0m https://cloud.siliconflow.cn/walletd-server/api/v1/subject/profile/peek [32m200 [0m @ https://static01.siliconflow.cn/cloud-20260826-113539/_next/static/chunks/5661-0936f204d759839d.js:0
[  246537ms] [LOG] [32m[GET][0m https://cloud.siliconflow.cn/walletd-server/api/v1/subject/wallets?pageSize=1&stage=3&visible=1&serviceable=1 [32m200 [0m @ https://static01.siliconflow.cn/cloud-20260826-113539/_next/static/chunks/5661-0936f204d759839d.js:0
[  246538ms] [LOG] [34m[POST][0m https://cloud.siliconflow.cn/biz-server/api/v1/pay/orders [32m200 [0m @ https://static01.siliconflow.cn/cloud-20260826-113539/_next/static/chunks/5661-0936f204d759839d.js:0
[  246546ms] [LOG] [32m[GET][0m https://cloud.siliconflow.cn/walletd-server/api/v1/subject/wallets?pageSize=1&stage=1&visible=1&serviceable=1 [32m200 [0m @ https://static01.siliconflow.cn/cloud-20260826-113539/_next/static/chunks/5661-0936f204d759839d.js:0
[  246546ms] [LOG] [32m[GET][0m https://cloud.siliconflow.cn/biz-server/api/v1/pay/topup-info?platform=zfb [32m200 [0m @ https://static01.siliconflow.cn/cloud-20260826-113539/_next/static/chunks/5661-0936f204d759839d.js:0
[  246599ms] [LOG] [32m[GET][0m https://cloud.siliconflow.cn/walletd-server/api/v1/subject/profile/peek [32m200 [0m @ https://static01.siliconflow.cn/cloud-20260826-113539/_next/static/chunks/5661-0936f204d759839d.js:0
[  253307ms] [LOG] [34m[POST][0m https://cloud.siliconflow.cn/iam-server/api/v1/my/authz/allowed_actions [32m200 [0m @ https://static01.siliconflow.cn/cloud-20260826-113539/_next/static/chunks/5661-0936f204d759839d.js:0
[  253319ms] [LOG] [32m[GET][0m https://cloud.siliconflow.cn/walletd-server/api/v1/subject/profile/peek [32m200 [0m @ https://static01.siliconflow.cn/cloud-20260826-113539/_next/static/chunks/5661-0936f204d759839d.js:0
[  253341ms] [LOG] [32m[GET][0m https://cloud.siliconflow.cn/panel-server/api/v1/bill/aggregate_amount?endTime=1787846399999&startTime=1787760000000 [32m200 [0m @ https://static01.siliconflow.cn/cloud-20260826-113539/_next/static/chunks/5661-0936f204d759839d.js:0
[  253342ms] [LOG] [32m[GET][0m https://cloud.siliconflow.cn/panel-server/api/v1/bill/4/tags?endTime=1787846399999&startTime=1787760000000 [32m200 [0m @ https://static01.siliconflow.cn/cloud-20260826-113539/_next/static/chunks/5661-0936f204d759839d.js:0
[  253342ms] [LOG] [32m[GET][0m https://cloud.siliconflow.cn/panel-server/api/v1/bill/510/tags?endTime=1787846399999&startTime=1787760000000 [32m200 [0m @ https://static01.siliconflow.cn/cloud-20260826-113539/_next/static/chunks/5661-0936f204d759839d.js:0
[  253351ms] [LOG] [32m[GET][0m https://cloud.siliconflow.cn/panel-server/api/v1/bill/10/tags?endTime=1787846399999&startTime=1787760000000 [32m200 [0m @ https://static01.siliconflow.cn/cloud-20260826-113539/_next/static/chunks/5661-0936f204d759839d.js:0
[  253380ms] [LOG] [32m[GET][0m https://cloud.siliconflow.cn/panel-server/api/v1/bill/items/allocation_aggregate?aggregateByApiKey=true&aggregateByModelName=true&aggregateByUnit=true&current=1&endTime=1787846399999&pageSize=10&startTime=1787760000000&type=3 [32m200 [0m @ https://static01.siliconflow.cn/cloud-20260826-113539/_next/static/chunks/5661-0936f204d759839d.js:0
[  258469ms] [LOG] [32m[GET][0m https://cloud.siliconflow.cn/walletd-server/api/v1/subject/profile/peek [32m200 [0m @ https://static01.siliconflow.cn/cloud-20260826-113539/_next/static/chunks/5661-0936f204d759839d.js:0
[  258627ms] [LOG] [32m[GET][0m https://cloud.siliconflow.cn/biz-server/api/v1/invoices/op/records?page=1&size=10 [32m200 [0m @ https://static01.siliconflow.cn/cloud-20260826-113539/_next/static/chunks/5661-0936f204d759839d.js:0
[  263076ms] [LOG] [32m[GET][0m https://cloud.siliconflow.cn/walletd-server/api/v1/subject/wallets?pageSize=1&stage=3&visible=1&serviceable=1 [32m200 [0m @ https://static01.siliconflow.cn/cloud-20260826-113539/_next/static/chunks/5661-0936f204d759839d.js:0
[  263077ms] [LOG] [32m[GET][0m https://cloud.siliconflow.cn/walletd-server/api/v1/subject/profile/peek [32m200 [0m @ https://static01.siliconflow.cn/cloud-20260826-113539/_next/static/chunks/5661-0936f204d759839d.js:0
[  263090ms] [LOG] [32m[GET][0m https://cloud.siliconflow.cn/biz-server/api/v1/pay/topup-info?platform=zfb [32m200 [0m @ https://static01.siliconflow.cn/cloud-20260826-113539/_next/static/chunks/5661-0936f204d759839d.js:0
[  263090ms] [LOG] [32m[GET][0m https://cloud.siliconflow.cn/walletd-server/api/v1/subject/wallets?pageSize=1&stage=1&visible=1&serviceable=1 [32m200 [0m @ https://static01.siliconflow.cn/cloud-20260826-113539/_next/static/chunks/5661-0936f204d759839d.js:0
[  263102ms] [LOG] [34m[POST][0m https://cloud.siliconflow.cn/biz-server/api/v1/pay/orders [32m200 [0m @ https://static01.siliconflow.cn/cloud-20260826-113539/_next/static/chunks/5661-0936f204d759839d.js:0
[  263384ms] [LOG] [32m[GET][0m https://cloud.siliconflow.cn/walletd-server/api/v1/subject/profile/peek [32m200 [0m @ https://static01.siliconflow.cn/cloud-20260826-113539/_next/static/chunks/5661-0936f204d759839d.js:0
[  264918ms] [LOG] [32m[GET][0m https://cloud.siliconflow.cn/walletd-server/api/v1/subject/profile/peek [32m200 [0m @ https://static01.siliconflow.cn/cloud-20260826-113539/_next/static/chunks/5661-0936f204d759839d.js:0
[  267316ms] [LOG] [32m[GET][0m https://cloud.siliconflow.cn/walletd-server/api/v1/subject/profile/peek [32m200 [0m @ https://static01.siliconflow.cn/cloud-20260826-113539/_next/static/chunks/5661-0936f204d759839d.js:0
