[     166ms] [VERBOSE] [DOM] Input elements should have autocomplete attributes (suggested: "current-password"): (More info: https://goo.gl/9p2vKq) %o @ https://gcjkstar.cn/problems/scratch/:0
[     169ms] [WARNING] jQuery.Deferred exception: Morris is not defined ReferenceError: Morris is not defined
    at Object.initFunction (https://gcjkstar.cn/static/js/custom-scripts.js:26:13)
    at HTMLDocument.<anonymous> (https://gcjkstar.cn/static/js/custom-scripts.js:209:17)
    at e (https://gcjkstar.cn/static/js/jquery-3.6.1.min.js:2:30038)
    at t (https://gcjkstar.cn/static/js/jquery-3.6.1.min.js:2:30340) undefined @ https://gcjkstar.cn/static/js/jquery-3.6.1.min.js:1
[     170ms] ReferenceError: Morris is not defined
    at Object.initFunction (https://gcjkstar.cn/static/js/custom-scripts.js:26:13)
    at HTMLDocument.<anonymous> (https://gcjkstar.cn/static/js/custom-scripts.js:209:17)
    at e (https://gcjkstar.cn/static/js/jquery-3.6.1.min.js:2:30038)
    at t (https://gcjkstar.cn/static/js/jquery-3.6.1.min.js:2:30340)
[     197ms] Uncaught TypeError: Cannot set property Package of #<Object> which has only a getter
    at s (https://unpkg.com/mathjax@3/es5/tex-mml-chtml.js:0:13800)
    at s (https://unpkg.com/mathjax@3/es5/tex-mml-chtml.js:0:13807)
    at s (https://unpkg.com/mathjax@3/es5/tex-mml-chtml.js:0:13807)
    at s (https://unpkg.com/mathjax@3/es5/tex-mml-chtml.js:0:13807)
    at e.combineWithMathJax (https://unpkg.com/mathjax@3/es5/tex-mml-chtml.js:0:14316)
    at <anonymous> (https://unpkg.com/mathjax@3/es5/tex-mml-chtml.js:0:1156314)
    at <anonymous> (https://unpkg.com/mathjax@3/es5/tex-mml-chtml.js:0:1173000)
    at <anonymous> (https://unpkg.com/mathjax@3/es5/tex-mml-chtml.js:0:1173004)
